******************************************************************************
PSI3 started on augustus.chemistry.gatech.edu at Wed Mar 12 18:38:35 2008

    -----------------------------------------------------------------------    
            PSI3: An Open-Source Ab Initio Electronic Structure Package 
                                Version 3.4 Alpha

    T. D. Crawford, C. D. Sherrill, E. F. Valeev, J. T. Fermann, R. A. King,
    M. L. Leininger, S. T. Brown, C. L. Janssen, E. T. Seidl, J. P. Kenny,
    and W. D. Allen, J. Comput. Chem. 28, 1610-1616 (2007)
    -----------------------------------------------------------------------    

PSI3 will perform a ROHF PSIMRCC energy computation.

The following programs will be executed:

 input
 cints
 cscf
 transqt --psimrcc
 psimrcc
 psiclean

******************************************************************************
tstart called on augustus.chemistry.gatech.edu
Wed Mar 12 18:38:35 2008

                                --------------
                                    INPUT
                                --------------

  LABEL       =	O2 3 Sigma minus cc-pVTZ
  SHOWNORM    =	0
  PUREAM      =	0
  PRINT_LVL   =	1

  Parsed basis sets from /theoryfs/ds/home/ashley/psi3/lib/pbasis.dat
Coordinates after reading z-matrices

           1           2           3

    1   0.0000000   0.0000000   0.0000000
    2   0.0000000   0.0000000   2.2651227

  -Geometry before Center-of-Mass shift (a.u.):
       Center              X                  Y                   Z
    ------------   -----------------  -----------------  -----------------
          OXYGEN      0.000000000000     0.000000000000     0.000000000000
          OXYGEN      0.000000000000     0.000000000000     2.265122720724


  -Rotational constants (cm-1) :
    A = **********  B =    1.46710  C =    1.46710
    It is a linear molecule.

  -Geometry after Center-of-Mass shift and reorientation (a.u.):
       Center              X                  Y                   Z
    ------------   -----------------  -----------------  -----------------
          OXYGEN      0.000000000000     0.000000000000    -1.132561360362
          OXYGEN      0.000000000000     0.000000000000     1.132561360362


  -SYMMETRY INFORMATION:
    Computational point group is D2h 
    Number of irr. rep.      = 8
    Number of atoms          = 2
    Number of unique atoms   = 1


  -BASIS SETS:

   -Basis set on unique center 1:
      ( (S ( 15330.00000000     0.00050800)
           (  2299.00000000     0.00392900)
           (   522.40000000     0.02024300)
           (   147.30000000     0.07918100)
           (    47.55000000     0.23068700)
           (    16.76000000     0.43311800)
           (     6.20700000     0.35026000)
           (     1.75200000     0.04272800)
           (     0.68820000    -0.00815400)
           (     0.23840000     0.00238100) )
        (S ( 15330.00000000    -0.00011500)
           (  2299.00000000    -0.00089500)
           (   522.40000000    -0.00463600)
           (   147.30000000    -0.01872400)
           (    47.55000000    -0.05846300)
           (    16.76000000    -0.13646300)
           (     6.20700000    -0.17574000)
           (     1.75200000     0.16093400)
           (     0.68820000     0.60341800)
           (     0.23840000     0.37876500) )
        (S (     1.75200000     1.00000000) )
        (S (     0.23840000     1.00000000) )
        (P (    34.46000000     0.01592800)
           (     7.74900000     0.09974000)
           (     2.28000000     0.31049200)
           (     0.71560000     0.49102600)
           (     0.21400000     0.33633700) )
        (P (     0.71560000     1.00000000) )
        (P (     0.21400000     1.00000000) )
        (D (     2.31400000     1.00000000) )
        (D (     0.64500000     1.00000000) )
        (F (     1.42800000     1.00000000) )
       )


  -BASIS SET INFORMATION:
    Total number of shells = 20
    Number of primitives   = 32
    Number of AO           = 70
    Number of SO           = 60

    Irrep    Number of SO
    -----    ------------
      1           13
      2            3
      3            7
      4            7
      5            3
      6           13
      7            7
      8            7


  -Unique atoms in the canonical coordinate system (a.u.):
       Center              X                  Y                   Z
    ------------   -----------------  -----------------  -----------------
          OXYGEN      0.000000000000     0.000000000000     1.132561360362


  -Geometry in the canonical coordinate system (a.u.):
       Center              X                  Y                   Z
    ------------   -----------------  -----------------  -----------------
          OXYGEN      0.000000000000     0.000000000000    -1.132561360362
          OXYGEN      0.000000000000     0.000000000000     1.132561360362


  -Geometry in the canonical coordinate system (Angstrom):
       Center              X                  Y                   Z
    ------------   -----------------  -----------------  -----------------
          OXYGEN      0.000000000000     0.000000000000    -0.599325705000
          OXYGEN      0.000000000000     0.000000000000     0.599325705000


  -Geometry in the reference coordinate system (a.u.):
       Center              X                  Y                   Z
    ------------   -----------------  -----------------  -----------------
          OXYGEN      0.000000000000     0.000000000000    -1.132561360362
          OXYGEN      0.000000000000     0.000000000000     1.132561360362


  --------------------------------------------------------------------------

    Nuclear Repulsion Energy (a.u.) =      28.254539771492

  -The Interatomic Distances in angstroms:

           1           2

    1   0.0000000
    2   1.1986514   0.0000000

    Note: To print *all* bond angles, out-of-plane
          angles, and torsion angles set print = 3


******************************************************************************
tstop called on augustus.chemistry.gatech.edu
Wed Mar 12 18:38:35 2008

user time   =       0.03 seconds =       0.00 minutes
system time =       0.01 seconds =       0.00 minutes
total time  =          0 seconds =       0.00 minutes
******************************************************************************
tstart called on augustus.chemistry.gatech.edu
Wed Mar 12 18:38:35 2008

                  --------------------------------------------
                    CINTS: An integrals program written in C
                     Justin T. Fermann and Edward F. Valeev
                  --------------------------------------------


  -OPTIONS:
    Print level                 = 1
    Integral tolerance          = 1e-15
    Max. memory to use          = 2500000 double words
    Number of threads           = 1
    LIBINT's real type length   = 64 bit

  -CALCULATION CONSTANTS:
    Label                       = O2 3 Sigma minus cc-pVTZ
    Number of atoms             = 2
    Number of atomic orbitals   = 70
    Number of symmetry orbitals = 60
    Maximum AM in the basis     = 3

  -SYMMETRY INFORMATION;
    Computational point group        = D2h
    Number of irreps                 = 8

    Wrote 180493 two-electron integrals to IWL file 33

******************************************************************************
tstop called on augustus.chemistry.gatech.edu
Wed Mar 12 18:38:36 2008

user time   =       0.73 seconds =       0.01 minutes
system time =       0.02 seconds =       0.00 minutes
total time  =          1 seconds =       0.02 minutes
******************************************************************************
tstart called on augustus.chemistry.gatech.edu
Wed Mar 12 18:38:36 2008


             ------------------------------------------

                CSCF3.0: An SCF program written in C

              Written by too many people to mention here

             ------------------------------------------
  label        = O2 3 Sigma minus cc-pVTZ
  wfn          = PSIMRCC
  reference    = ROHF
  multiplicity = 3
  charge       = 0
  direct       = false
  dertype      = NONE
  convergence  = 12
  maxiter      = 100
  guess        = AUTO

  nuclear repulsion energy       28.2545397714920
  first run, so defaulting to core-hamiltonian guess

  level shift                      = 1.000000

  level shifting will stop after 10 cycles
  diis scale factor                = 1.020000
  iterations before extrapolation  = 0
  4 error matrices will be kept

  keeping integrals in 1127424 bytes of core

  The lowest eigenvalue of the overlap matrix was 3.791361e-03


  Using DOCC and SOCC to 
  determine occupations


  Symmetry block:   Ag    B1g   B2g   B3g   Au    B1u   B2u   B3u  
  DOCC:              3     0     0     0     0     2     1     1   
  SOCC:              0     0     1     1     0     0     0     0   


  open-shell energy coeffs
  open shell pair    alpha         beta
        1  1       0.000000     -1.000000
        2  1       0.000000     -1.000000
        2  2       0.000000     -1.000000
  reading integrals in the IWL format from files 33,35,36,37

      1572 integrals written to file92 in   1 buffers
     34383 integrals written to file93 in   1 buffers
  wrote 0 integrals to file92

  iter       total energy        delta E         delta P          diiser
    1      -132.4540861025    1.607086e+02    0.000000e+00    0.000000e+00
    2      -148.0473117828    1.559323e+01    1.108939e-01    1.804792e+00
    3      -149.4782934069    1.430982e+00    9.908948e-03    5.279132e-01
    4      -149.6239405827    1.456472e-01    4.233370e-03    2.814441e-01
    5      -149.6494495265    2.550894e-02    2.339685e-03    1.089198e-01
    6      -149.6534943253    4.044799e-03    1.091863e-03    4.164787e-02
    7      -149.6541183975    6.240723e-04    4.866713e-04    1.594040e-02
    8      -149.6542068786    8.848102e-05    1.980175e-04    5.823546e-03
    9      -149.6542198090    1.293044e-05    7.835705e-05    2.079776e-03
   10      -149.6542217303    1.921264e-06    3.033228e-05    7.206615e-04
   11      -149.6542220385    3.082378e-07    1.170139e-05    2.433592e-04
   12      -149.6542220922    5.365914e-08    4.563698e-06    1.081047e-04
   13      -149.6542221017    9.554839e-09    1.790073e-06    4.765205e-05
   14      -149.6542221035    1.723322e-09    7.170291e-07    2.076435e-05
   15      -149.6542221038    3.097398e-10    2.910847e-07    8.931699e-06
   16      -149.6542221038    5.510969e-11    1.189026e-07    3.801588e-06
   17      -149.6542221038    9.691803e-12    4.873116e-08    1.605248e-06
   18      -149.6542221038    1.648459e-12    1.998358e-08    6.713374e-07
   19      -149.6542221038    2.842171e-13    8.195989e-09    2.783067e-07
   20      -149.6542221038    5.684342e-14    3.360893e-09    1.143954e-07
   21      -149.6542221038    2.842171e-14    1.378049e-09    4.662423e-08
   22      -149.6542221038    0.000000e+00    5.650256e-10    1.883974e-08
   23      -149.6542221038   -2.842171e-14    2.316941e-10    7.545592e-09
   24      -149.6542221038    1.136868e-13    9.499655e-11    2.993208e-09
   25      -149.6542221038   -5.684342e-14    3.891846e-11    1.193673e-09
   26      -149.6542221038   -5.684342e-14    1.591347e-11    4.878250e-10
   27      -149.6542221038    1.136868e-13    6.484275e-12    2.002475e-10
   28      -149.6542221038   -5.684342e-14    2.628163e-12    8.254870e-11
   29      -149.6542221038   -8.526513e-14    1.058092e-12    3.415182e-11
   30      -149.6542221038    1.421085e-13    4.222642e-13    1.416912e-11

 ci_typ is PSIMRCC so mo vector will be rotated

Orbital energies (a.u.):

  Doubly occupied orbitals
   1Ag    -20.727369     1B1u   -20.726389     2Ag     -1.656146  
   2B1u    -1.094488     3Ag     -0.735680     1B2u    -0.707038  
   1B3u    -0.707038  

  Singly occupied orbitals
   1B3g    -0.204718     1B2g    -0.204718  

  Unoccupied orbitals
   3B1u     0.409909     2B2u     0.711402     2B3u     0.711402  
   4Ag      0.734227     4B1u     0.762023     2B2g     0.826056  
   2B3g     0.826056     5Ag      0.886614     5B1u     1.447330  
   6Ag      1.472223     1B1g     1.472223     3B3u     1.571902  
   3B2u     1.571902     6B1u     1.911324     1Au      1.911324  
   7Ag      2.412487     7B1u     2.464041     3B2g     2.484764  
   3B3g     2.484764     4B2u     3.908656     4B3u     3.908656  
   8Ag      4.077196     4B3g     4.196433     4B2g     4.196433  
   9Ag      4.992279     2B1g     4.992279     5B2u     5.074487  
   5B3u     5.074487     8B1u     5.207220     6B2u     5.338255  
   6B3u     5.338255    10Ag      5.352019     5B2g     5.598166  
   5B3g     5.598166     9B1u     6.165276     2Au      6.165276  
  10B1u     6.219227     3B1g     6.551500    11Ag      6.551500  
   3Au      6.764257    11B1u     6.764257     6B2g     6.816088  
   6B3g     6.816088     7B3u     6.918945     7B2u     6.918945  
  12B1u     7.208486    12Ag      7.548459     7B3g     7.690350  
   7B2g     7.690350    13Ag      8.091421    13B1u    13.060869  


      * SCF total energy   =    -149.654222103828
        kinetic energy     =     149.417296939659
        nuc. attr. energy  =    -411.474243652643
        elec. rep. energy  =     112.402724609156
        potential energy   =    -299.071519043487
        virial theorem     =       1.998416849449
        wavefunction norm  =       1.000000000000
******************************************************************************
tstop called on augustus.chemistry.gatech.edu
Wed Mar 12 18:38:36 2008

user time   =       0.04 seconds =       0.00 minutes
system time =       0.00 seconds =       0.00 minutes
total time  =          0 seconds =       0.00 minutes
******************************************************************************
tstart called on augustus.chemistry.gatech.edu
Wed Mar 12 18:38:36 2008


	**************************************************
	* TRANSQT:  Program to transform integrals from  *
	*           the SO basis to the MO basis.        *
	*                                                *
	*            Daniel, David, & Justin             *
	*                   Sept  1995                   *
	**************************************************

	Input Parameters:
	-----------------
	Wavefunction           =  PSIMRCC
	Reference orbitals     =  ROHF
	Backtrans              =  No
	Print MOs              =  No
	Freeze Core            =  Yes
	Delete Restricted Docc =  Yes
	Do All TEI             =  No
	Memory (Mbytes)        =  256.0
	Max Buckets            =  499
	First Tmp File         =  150
	Presort File           =  41
	Source TEI File        =  33
	Opdm In File           =  73
	Opdm Out File          =  76
	Lag In File            =  75
	Keep Presort           =  No
	J File                 =  91
	Keep J                 =  No
	M File                 =  72
	Bare OEI file          =  35
	Frozen Core OEI file   =  35
	Sorted TEI file        =  72
	Delete TEI source file =  Yes
	Add TPDM Ref Part      =  No
	Do Bare OEI tranform   =  Yes
	Do FZC  OEI tranform   =  Yes
	Tolerance              =  1.0e-14
	Print Level            =  1
	Print TE Ints          =  No
	Print OE Ints          =  No
	Print Sorted TE Ints   =  No
	Print Sorted OE Ints   =  No
	Reorder MOs            =  No
	Check C Orthonormality =  No
	QRHF orbitals          =  No
	IVO orbitals           =  No
	Pitzer                 =  Yes

	Chkpt File Parameters:
	------------------
	Number of irreps = 8
	Number of SOs    = 60
	Number of MOs    = 60

	Label	# SOs	# MOs	# FZDC	# DOCC	# SOCC	# VIRT	# FZVR
	-----	-----	-----	------	------	------	------	------
	 Ag 	   13	   13	    0	    3	    0	    10	    0
	 B1g	   3	   3	    0	    0	    0	    3	    0
	 B2g	   7	   7	    0	    0	    1	    6	    0
	 B3g	   7	   7	    0	    0	    1	    6	    0
	 Au 	   3	   3	    0	    0	    0	    3	    0
	 B1u	   13	   13	    0	    2	    0	    11	    0
	 B2u	   7	   7	    0	    1	    0	    6	    0
	 B3u	   7	   7	    0	    1	    0	    6	    0

	Nuclear Repulsion Energy    =        28.2545397715
	Total SCF Energy            =      -149.6542221038

	Reading one-electron integrals...done.

	Pre-sorting two-electron ints...


	Frozen core energy =    0.000000000000000
	Transforming two-electron ints...

	Sorting half-transformed integrals...
	Finished half-transform...
	Working on second half...

	Transformation finished.
	Two-electron integrals written to file72.

	Transforming one-electron integrals...
	One-electron integrals written to file 35.
	Frozen-core operator written to file 35.
******************************************************************************
tstop called on augustus.chemistry.gatech.edu
Wed Mar 12 18:38:37 2008

user time   =       0.31 seconds =       0.01 minutes
system time =       0.25 seconds =       0.00 minutes
total time  =          1 seconds =       0.02 minutes

  MRCC          MRCC
   MRCC  MRCC  MRCC
   MRCC  MRCC  MRCC      PSIMRCC Version 0.7.2, November 07, 2007
   MRCC  MRCC  MRCC      Multireference Coupled Cluster, written by
     MRCCMRCCMRCC        Francesco A. Evangelista and Andrew C. Simmonett
         MRCC            Compiled on Mar 12 2008 at 15:21:31
         MRCC            id = c69689861c1d4f6092e36f92b19c364b335e891d 
       MRCCMRCC

  Calculation Options:
  ------------------------------------------------------------------------------
  DIIS_TRIPLES                        = FALSE
  LOCK_SINGLET                        = FALSE
  MP2_GUESS                           = TRUE
  ONLY_CLOSED_SHELL                   = FALSE
  USE_DIIS                            = TRUE
  USE_SPIN_SYMMETRY                   = TRUE
  ZERO_INTERNAL_AMPS                  = TRUE
  CORR_CHARGE                         = 0
  DAMPING_FACTOR                      = 0
  DEBUG                               = 0
  DENOMINATOR_SHIFT                   = 0
  E_CONVERGENCE                       = 12
  MAXDIIS                             = 7
  MAX_ITERATIONS                      = 100
  MEMORY                              = 1800
  MULTP                               = 1
  NEL                                 = 0
  NUM_THREADS                         = 1
  PT_E_CONVERGENCE                    = 9
  ROOT                                = 1
  CORR_ANSATZ                         = MK                                 
  CORR_CODE                           = PSIMRCC                            
  CORR_WFN                            = CCSD                               
  COUPLING                            = CUBIC                              
  PT_ENERGY                           = SECOND_ORDER                       
  WFN_SYM                             = B1G                                

  ==============================================================================
  System Info:
  ------------------------------------------------------------------------------
  Nuclear Energy   = 28.254539771     SCF Energy       = -149.654222104 

  MOs and Symmetry:
  ------------------------------------------------------------------------------
  nirreps          = 8         
  nso              = 60               nmo              = 58        
  nael             = 8                nbel             = 8         
  nactive_ael      = 1                nactive_bel      = 1         

  Details of the Computation:
  ------------------------------------------------------------------------------

  MOs per irrep:                    Ag   B1g  B2g  B3g  Au   B1u  B2u  B3u Total
  ------------------------------------------------------------------------------
  Total                             13    3    7    7    3   13    7    7    60
  Frozen Occupied                    1    0    0    0    0    1    0    0     2
  Doubly Occupied                    2    0    0    0    0    1    1    1     5
  Active                             0    0    1    1    0    0    0    0     2
  Active Virtual                    10    3    6    6    3   11    6    6    51
  Frozen Virtual                     0    0    0    0    0    0    0    0     0

  Model space
  ------------------------------------------------------------------------------
   0) |[22][][+][-][][2][2][2]>
   1) |[22][][-][+][][2][2][2]>
  ==============================================================================

  CCSort::build_integrals_out_of_core(): cycle = 0
    CCTransform: irrep 0->8 will be read in core
    CCTransform: read 180477 non-zero integrals
    CCSort: sorting block(s) 0->8
  Frozen Energy    = -130.574171056919909
#CC ----------------------------------
#CC    Computing Storage Strategy
#CC ----------------------------------
#CC Input memory                                =    1800.00 Mb
#CC Free memory                                 =    1707.80 Mb
#CC Free memory available for matrices          =    1656.57 Mb ( 97% of free_memory)
#CC Memory required by fock matrices            =       0.02 Mb
#CC Memory required by integrals                =      14.18 Mb
#CC Memory required by other matrices           =       8.67 Mb
#CC Memory required for full in-core algorithm  =      22.86 Mb
#CC PSIMRCC will perform a full in-core computation

	Heff Matrix

	   -149.630423435835581      0.023798667992495
	      0.023798667992495   -149.630423435835581

	Left Matrix

	     -0.707106781186547      0.707106781186548
	      0.707106781186548      0.707106781186547

	Right Matrix

	     -0.707106781186547      0.707106781186548
	      0.707106781186548      0.707106781186547

	Real                  Imaginary

	  -149.654222103828090        0.000000000000000
	  -149.606624767843073        0.000000000000000


	Heff Matrix

	   -149.630423435835581      0.023798667992495
	      0.023798667992495   -149.630423435835581

	Eigenvector   Eigenvector^2

	-0.707107    0.500000
	 0.707107    0.500000


  ==============================================================================
  	Multireference Coupled Cluster
		Using the DPD Library
  ==============================================================================

  ------------------------------------------------------------------------------
  @CC Cycle      Energy          Delta E    ||DeltaT1|| ||DeltaT2|| Timing  DIIS
  @CC           (Hartree)       (Hartree)                           (Sec)
  ------------------------------------------------------------------------------
  @CC   0   -149.654222103828   0.0000e+00   0.000e+00   0.000e+00       0   S
  @CC   1   -150.127395108580  -4.7317e-01   5.207e-02   3.327e-01       0   S
  @CC   2   -150.088398994106   3.8996e-02   3.462e-02   8.406e-02       1   S
  @CC   3   -150.111829301154  -2.3430e-02   1.035e-02   2.415e-02       1   S
  @CC   4   -150.106246782571   5.5825e-03   4.476e-03   1.060e-02       1   S
  @CC   5   -150.108815498230  -2.5687e-03   1.299e-03   3.231e-03       1   S
  @CC   6   -150.108153087529   6.6241e-04   6.127e-04   1.785e-03       1   S/E
  @CC   7   -150.108450403430  -2.9732e-04   1.605e-04   6.586e-04       2   S
  @CC   8   -150.108421226912   2.9177e-05   1.814e-05   6.203e-05       2   S
  @CC   9   -150.108423858002  -2.6311e-06   8.261e-06   2.169e-05       2   S
  @CC  10   -150.108420783255   3.0747e-06   1.155e-06   1.081e-05       2   S
  @CC  11   -150.108420698881   8.4374e-08   9.903e-07   5.681e-06       3   S
  @CC  12   -150.108420099873   5.9901e-07   2.389e-07   3.140e-06       3   S
  @CC  13   -150.108419958718   1.4115e-07   1.829e-07   1.763e-06       3   S/E
  @CC  14   -150.108419665874   2.9284e-07   7.135e-08   1.002e-06       3   S
  @CC  15   -150.108419683784  -1.7910e-08   1.079e-08   3.905e-08       3   S
  @CC  16   -150.108419685253  -1.4687e-09   4.388e-09   1.268e-08       4   S
  @CC  17   -150.108419685279  -2.6006e-11   1.080e-09   5.969e-09       4   S
  @CC  18   -150.108419685425  -1.4589e-10   5.293e-10   3.124e-09       4   S
  @CC  19   -150.108419685400   2.4755e-11   2.051e-10   1.637e-09       4   S
  @CC  20   -150.108419685415  -1.5206e-11   1.064e-10   8.883e-10       4   S/E
  @CC  21   -150.108419685409   5.9686e-12   5.009e-11   4.768e-10       5   S
  @CC  22   -150.108419685406   3.2401e-12   3.755e-12   2.305e-11       5   S
  @CC  23   -150.108419685405   1.2790e-12   2.933e-12   9.140e-12       5   S
  @CC  24   -150.108419685404   6.2528e-13   6.891e-13   4.766e-12       5
  ------------------------------------------------------------------------------

		----------------------------------------------------------------
		@CC@		MKCCSD  Energy       =    -150.108419685404272
		----------------------------------------------------------------

	Heff Matrix

	   -150.088043495016109      0.020376190388151
	      0.020376190388151   -150.088043495016109

	Eigenvector   Eigenvector^2

	-0.707107    0.500000
	 0.707107    0.500000


	PSIMRCC Execution Ended.
	Wall Time =             5.925732 s
	GEMM Time =             3.260712 s

  ==============================================================================
  Memory Usage Report

  Maximum memory used:     25.5 Mb 
  Number of objects still in memory: 0       Current bytes used: 0           
  ==============================================================================

                          --------------------------
                          PSI3 Computation Completed
                          --------------------------

PSI3 stopped on augustus.chemistry.gatech.edu at Wed Mar 12 18:38:43 2008

Total PSI3 wall time          8 seconds =       0.13 minutes
******************************************************************************