******************************************************************************
tstart called on boromir.chem
Tue Mar 16 14:44:03 2004

                                --------------
                                  WELCOME TO
                                    PSI  3
                                --------------

  LABEL       =	6-31G** SCF H2O Optimization
  SHOWNORM    =	0
  PUREAM      =	0
  PRINT_LVL   =	1

  Parsed basis sets from /home/rking/psi3/lib/pbasis.dat

  -Geometry before Center-of-Mass shift (a.u.):
       Center              X                  Y                   Z
    ------------   -----------------  -----------------  -----------------
          OXYGEN      0.000000000000     0.000000000000     0.000000000000
        HYDROGEN      0.000000000000     0.000000000000     1.889725988579
        HYDROGEN      1.840547697619     0.000000000000    -0.428308866009


  -Rotational constants (cm-1) :
    A =   24.35463  B =   13.63610  C =    8.74166
    It is an asymmetric top.

  -Geometry after Center-of-Mass shift and reorientation (a.u.):
       Center              X                  Y                   Z
    ------------   -----------------  -----------------  -----------------
          OXYGEN      0.000000000000    -0.131510165098     0.000000000000
        HYDROGEN      1.479940996653     1.043580877476     0.000000000000
        HYDROGEN     -1.479940996653     1.043580877476     0.000000000000


  -SYMMETRY INFORMATION:
    Computational point group is C2v 
    Number of irr. rep.      = 4
    Number of atoms          = 3
    Number of unique atoms   = 2


  -BASIS SETS:

   -Basis set on unique center 1:
      ( (S (  5484.67166000     0.00183107)
           (   825.23494600     0.01395017)
           (   188.04695800     0.06844508)
           (    52.96450000     0.23271434)
           (    16.89757040     0.47019290)
           (     5.79963534     0.35852085) )
        (S (    15.53961625    -0.11077755)
           (     3.59993359    -0.14802626)
           (     1.01376175     1.13076701) )
        (S (     0.27000582     1.00000000) )
        (P (    15.53961625     0.07087427)
           (     3.59993359     0.33975284)
           (     1.01376175     0.72715858) )
        (P (     0.27000582     1.00000000) )
        (D (     0.80000000     1.00000000) )
       )

   -Basis set on unique center 2:
      ( (S (    18.73113696     0.03349460)
           (     2.82539437     0.23472695)
           (     0.64012169     0.81375733) )
        (S (     0.16127776     1.00000000) )
        (P (     1.10000000     1.00000000) )
       )


  -BASIS SET INFORMATION:
    Total number of shells = 12
    Number of primitives   = 20
    Number of AO           = 25
    Number of SO           = 25

    Irrep    Number of SO
    -----    ------------
      1           12
      2            2
      3            4
      4            7


  -Unique atoms in the canonical coordinate system (a.u.):
       Center              X                  Y                   Z
    ------------   -----------------  -----------------  -----------------
          OXYGEN      0.000000000000     0.000000000000    -0.131510165098
        HYDROGEN      0.000000000000     1.479940996653     1.043580877476


  -Geometry in the canonical coordinate system (a.u.):
       Center              X                  Y                   Z
    ------------   -----------------  -----------------  -----------------
          OXYGEN      0.000000000000     0.000000000000    -0.131510165098
        HYDROGEN      0.000000000000     1.479940996653     1.043580877476
        HYDROGEN      0.000000000000    -1.479940996653     1.043580877476


  -Geometry in the canonical coordinate system (Angstrom):
       Center              X                  Y                   Z
    ------------   -----------------  -----------------  -----------------
          OXYGEN      0.000000000000     0.000000000000    -0.069592187382
        HYDROGEN      0.000000000000     0.783151105291     0.552239257852
        HYDROGEN      0.000000000000    -0.783151105291     0.552239257852


  -Geometry in the reference coordinate system (a.u.):
       Center              X                  Y                   Z
    ------------   -----------------  -----------------  -----------------
          OXYGEN      0.000000000000     0.000000000000    -0.131510165098
        HYDROGEN      0.000000000000     1.479940996653     1.043580877476
        HYDROGEN      0.000000000000    -1.479940996653     1.043580877476


  --------------------------------------------------------------------------

    Nuclear Repulsion Energy (a.u.) =       8.804687290999

  -The Interatomic Distances in angstroms:

           1           2           3

    1   0.0000000
    2   1.0000000   0.0000000
    3   1.0000000   1.5663022   0.0000000

    Note: To print *all* bond angles, out-of-plane
          angles, and torsion angles set print = 3


******************************************************************************
tstop called on boromir.chem
Tue Mar 16 14:44:03 2004

user time   =       0.09 seconds =       0.00 minutes
system time =       0.00 seconds =       0.00 minutes
total time  =          0 seconds =       0.00 minutes
******************************************************************************
tstart called on boromir.chem
Tue Mar 16 14:44:03 2004

                  --------------------------------------------
                    CINTS: An integrals program written in C
                     Justin T. Fermann and Edward F. Valeev
                  --------------------------------------------


  -OPTIONS:
    Print level                 = 1
    Integral tolerance          = 1e-15
    Max. memory to use          = 2500000 double words
    Number of threads           = 1
    LIBINT's real type length   = 64 bit

  -CALCULATION CONSTANTS:
    Label                       = 6-31G** SCF H2O Optimization
    Number of atoms             = 3
    Number of atomic orbitals   = 25
    Number of symmetry orbitals = 25
    Maximum AM in the basis     = 2

  -SYMMETRY INFORMATION;
    Computational point group        = C2v
    Number of irreps                 = 4

    Wrote 13617 two-electron integrals to IWL file 33

******************************************************************************
tstop called on boromir.chem
Tue Mar 16 14:44:03 2004

user time   =       0.45 seconds =       0.01 minutes
system time =       0.00 seconds =       0.00 minutes
total time  =          0 seconds =       0.00 minutes
******************************************************************************
tstart called on boromir.chem
Tue Mar 16 14:44:03 2004


             ------------------------------------------

                CSCF3.0: An SCF program written in C

              Written by too many people to mention here

             ------------------------------------------

  I think the multiplicity is 1.
  If this is wrong, please specify the MULTP keyword

  label        = 6-31G** SCF H2O Optimization
  wfn          = SCF
  reference    = RHF
  multiplicity = 1
  charge       = 0
  direct       = false
  dertype      = FIRST
  convergence  = 7
  maxiter      = 40
  guess        = AUTO

  nuclear repulsion energy        8.8046872909987
  first run, so defaulting to core-hamiltonian guess

  level shift                      = 0.100000
  diis scale factor                = 1.000000
  iterations before extrapolation  = 0
  6 error matrices will be kept

  keeping integrals in 114320 bytes of core

  The lowest eigenvalue of the overlap matrix was 2.424690e-02

  Using core guess to determine occupations


  Symmetry block:   A1    A2    B1    B2   
  DOCC:              3     0     1     1   
  SOCC:              0     0     0     0   

  reading integrals in the IWL format from files 33,35,36,37
  wrote 6516 integrals to file92

  iter       total energy        delta E         delta P          diiser
    1       -68.3548843162    7.715957e+01    0.000000e+00    0.000000e+00
    2       -71.3777628421    3.022879e+00    1.130296e-01    1.175783e+00
    3       -75.8581629361    4.480400e+00    1.037941e-01    8.860959e-01
    4       -75.9956701999    1.375073e-01    5.906119e-03    2.044394e-01
    5       -76.0169750721    2.130487e-02    1.931266e-03    1.024212e-01
    6       -76.0172760736    3.010015e-04    2.842273e-04    9.429688e-03
    7       -76.0172962933    2.021965e-05    7.939114e-05    2.474006e-03
    8       -76.0172965444    2.510912e-07    9.894937e-06    1.856559e-04
    9       -76.0172965714    2.696450e-08    3.411769e-06    8.255086e-05
   10       -76.0172965718    4.839364e-10    3.849065e-07    1.190427e-05
   11       -76.0172965718    5.925926e-12    4.827812e-08    9.566678e-07

Orbital energies (a.u.):

  Doubly occupied orbitals
   1A1    -20.568998     2A1     -1.320609     1B2     -0.678724  
   3A1     -0.563930     1B1     -0.495003  


  Unoccupied orbitals
   4A1      0.202466     2B2      0.292719     3B2      0.981164  
   5A1      1.056318     6A1      1.129180     2B1      1.168639  
   4B2      1.294986     7A1      1.413596     1A2      1.802875  
   8A1      1.806917     3B1      1.918872     9A1      2.513249  
   5B2      2.537822     6B2      2.713578     2A2      2.921065  
   4B1      2.947486    10A1      3.291755    11A1      3.620731  
   7B2      3.874917    12A1      4.077741  


        SCF total energy   =     -76.017296571841
        kinetic energy     =      75.657176480828
        nuc. attr. energy  =    -198.046606262312
        elec. rep. energy  =      46.372133209643
        potential energy   =    -151.674473052669
        virial theorem     =       1.995262655905
        wavefunction norm  =       1.000000000000
******************************************************************************
tstop called on boromir.chem
Tue Mar 16 14:44:03 2004

user time   =       0.03 seconds =       0.00 minutes
system time =       0.00 seconds =       0.00 minutes
total time  =          0 seconds =       0.00 minutes
******************************************************************************
tstart called on boromir.chem
Tue Mar 16 14:44:03 2004

                  --------------------------------------------
                    CINTS: An integrals program written in C
                     Justin T. Fermann and Edward F. Valeev
                  --------------------------------------------


  -OPTIONS:
    Print level                 = 1
    Integral tolerance          = 1e-15
    Max. memory to use          = 2500000 double words
    Number of threads           = 1
    LIBINT's real type length   = 64 bit

  -CALCULATION CONSTANTS:
    Label                       = 6-31G** SCF H2O Optimization
    Number of atoms             = 3
    Number of atomic orbitals   = 25
    Number of symmetry orbitals = 25
    Maximum AM in the basis     = 2

  -SYMMETRY INFORMATION;
    Computational point group        = C2v
    Number of irreps                 = 4
  Rotational invariance condition satisfied.
  |X cross Grad| =  0.000000000000   (it is the accuracy of the computed forces)
  So long..


  -SCF forces in the reference frame (a.u.):
     Atom            X                  Y                   Z
    ------   -----------------  -----------------  -----------------
       1        0.000000000000     0.000000000000    -0.069918082411
       2        0.000000000000     0.041734309569     0.034959041205
       3        0.000000000000    -0.041734309569     0.034959041205

******************************************************************************
tstop called on boromir.chem
Tue Mar 16 14:44:04 2004

user time   =       0.76 seconds =       0.01 minutes
system time =       0.00 seconds =       0.00 minutes
total time  =          1 seconds =       0.02 minutes

	------------------------------------------------------
	    OPTKING: for internal coordinate optimizations    
	------------------------------------------------------

Cartesian geometry and possibly gradient in a.u. with masses
  8.0    15.99491462   0.0000000000   0.0000000000  -0.1315101651
  1.0     1.00782503   0.0000000000   1.4799409967   1.0435808775
  1.0     1.00782503   0.0000000000  -1.4799409967   1.0435808775
                       0.0000000000   0.0000000000  -0.0699180824
                       0.0000000000   0.0417343096   0.0349590412
                       0.0000000000  -0.0417343096   0.0349590412

Generating simple internals
Searching for geometrical constraints...
Simple Internal Coordinates and Values
Stretches
    (1 1 2) (1.00000000)
    (2 1 3) (1.00000000)
Bends
    (3 2 1 3) (103.10000000)

Using simple, possibly redundant, internal coordinates.
 
 ** Taking normal optimization step. **

Current SCF energy before step       -76.0172965718

Taking geometry step number 1

BuB^t Determinant: 2.370024e+00

Generating empirical Hessian.

Force Constants read from PSIF_OPTKING

No BFGS update performed.

Scaling displacements by 1.000000

Internal Coordinate Update in Ang or Rad, aJ/Ang or aJ/Rad
       Value         Force        Displacement  New Value
 1    1.00000000   -0.44837511   -0.06039078    0.93960922
 2    1.00000000   -0.44837511   -0.06039078    0.93960922
 3    1.79943446    0.01175258    0.01684816    1.81628261
   MAX force:    0.4483751137   RMS force:    0.3661596229

Back-transformation to cartesian coordinates...
 Iter   RMS Delta(dx)   RMS Delta(dq)
    2  0.027155250192  0.000625677236
    3  0.000226448202  0.000000115120
    4  0.000000061954  0.000000000000
Convergence to displaced geometry took 4 iterations.
   0.0000000000   0.0000000000  -0.1222527974   0.0000000000   1.3998180038   0.9701203058   0.0000000000  -1.3998180038   0.9701203058
  -0.0000000000   0.0000000000  -0.1222527974  -0.0000000000   1.3998180038   0.9701203058   0.0000000000  -1.3998180038   0.9701203058
New Cartesian Geometry in a.u.
  8.0  -0.0000000000   0.0000000000  -0.1222527974
  1.0  -0.0000000000   1.3998180038   0.9701203058
  1.0   0.0000000000  -1.3998180038   0.9701203058

Geometry written to chkpt

******** OPTKING execution completed ********

******************************************************************************
tstart called on boromir.chem
Tue Mar 16 14:44:04 2004

                  --------------------------------------------
                    CINTS: An integrals program written in C
                     Justin T. Fermann and Edward F. Valeev
                  --------------------------------------------


  -OPTIONS:
    Print level                 = 1
    Integral tolerance          = 1e-15
    Max. memory to use          = 2500000 double words
    Number of threads           = 1
    LIBINT's real type length   = 64 bit

  -CALCULATION CONSTANTS:
    Label                       = 6-31G** SCF H2O Optimization
    Number of atoms             = 3
    Number of atomic orbitals   = 25
    Number of symmetry orbitals = 25
    Maximum AM in the basis     = 2

  -SYMMETRY INFORMATION;
    Computational point group        = C2v
    Number of irreps                 = 4

    Wrote 13617 two-electron integrals to IWL file 33

******************************************************************************
tstop called on boromir.chem
Tue Mar 16 14:44:05 2004

user time   =       0.44 seconds =       0.01 minutes
system time =       0.01 seconds =       0.00 minutes
total time  =          1 seconds =       0.02 minutes
******************************************************************************
tstart called on boromir.chem
Tue Mar 16 14:44:05 2004


             ------------------------------------------

                CSCF3.0: An SCF program written in C

              Written by too many people to mention here

             ------------------------------------------

  I think the multiplicity is 1.
  If this is wrong, please specify the MULTP keyword

  label        = 6-31G** SCF H2O Optimization
  wfn          = SCF
  reference    = RHF
  multiplicity = 1
  charge       = 0
  direct       = false
  dertype      = FIRST
  convergence  = 7
  maxiter      = 40
  guess        = AUTO

  nuclear repulsion energy        9.3682076911497

  using old vector from file30 as initial guess
  energy from old vector:   -76.01729657

  level shift                      = 0.100000
  diis scale factor                = 1.000000
  iterations before extrapolation  = 0
  6 error matrices will be kept

  keeping integrals in 114320 bytes of core

  The lowest eigenvalue of the overlap matrix was 2.211860e-02


  Reading Occupations from file30

  Symmetry block:   A1    A2    B1    B2   
  DOCC:              3     0     1     1   
  SOCC:              0     0     0     0   

  reading integrals in the IWL format from files 33,35,36,37
  wrote 6516 integrals to file92

  iter       total energy        delta E         delta P          diiser
    1       -76.0211052421    8.538931e+01    0.000000e+00    0.000000e+00
    2       -76.0232231166    2.117874e-03    7.085495e-04    1.783070e-02
    3       -76.0234305871    2.074705e-04    2.330718e-04    8.746352e-03
    4       -76.0234702283    3.964124e-05    9.910679e-05    2.553835e-03
    5       -76.0234748296    4.601235e-06    4.777636e-05    8.970025e-04
    6       -76.0234749924    1.628160e-07    1.017585e-05    1.557025e-04
    7       -76.0234750017    9.359553e-09    2.641313e-06    3.114679e-05
    8       -76.0234750019    1.319904e-10    2.208782e-07    4.349285e-06
    9       -76.0234750019    5.996981e-12    3.866173e-08    8.722689e-07

 Correcting phases of orbitals.

Orbital energies (a.u.):

  Doubly occupied orbitals
   1A1    -20.557720     2A1     -1.350032     1B2     -0.712174  
   3A1     -0.572838     1B1     -0.498636  


  Unoccupied orbitals
   4A1      0.215703     2B2      0.309253     3B2      1.010844  
   5A1      1.099576     6A1      1.137889     2B1      1.168359  
   4B2      1.295615     7A1      1.418975     1A2      1.807217  
   8A1      1.814834     3B1      1.925188     9A1      2.595322  
   5B2      2.601197     6B2      2.845037     2A2      2.998478  
   4B1      3.015456    10A1      3.410756    11A1      3.751272  
   7B2      3.958703    12A1      4.121177  


        SCF total energy   =     -76.023475001882
        kinetic energy     =      75.882183903164
        nuc. attr. energy  =    -199.282749581399
        elec. rep. energy  =      47.377090676353
        potential energy   =    -151.905658905046
        virial theorem     =       1.998141480658
        wavefunction norm  =       1.000000000000
******************************************************************************
tstop called on boromir.chem
Tue Mar 16 14:44:05 2004

user time   =       0.01 seconds =       0.00 minutes
system time =       0.01 seconds =       0.00 minutes
total time  =          0 seconds =       0.00 minutes
******************************************************************************
tstart called on boromir.chem
Tue Mar 16 14:44:05 2004

                  --------------------------------------------
                    CINTS: An integrals program written in C
                     Justin T. Fermann and Edward F. Valeev
                  --------------------------------------------


  -OPTIONS:
    Print level                 = 1
    Integral tolerance          = 1e-15
    Max. memory to use          = 2500000 double words
    Number of threads           = 1
    LIBINT's real type length   = 64 bit

  -CALCULATION CONSTANTS:
    Label                       = 6-31G** SCF H2O Optimization
    Number of atoms             = 3
    Number of atomic orbitals   = 25
    Number of symmetry orbitals = 25
    Maximum AM in the basis     = 2

  -SYMMETRY INFORMATION;
    Computational point group        = C2v
    Number of irreps                 = 4
  Rotational invariance condition satisfied.
  |X cross Grad| =  0.000000000000   (it is the accuracy of the computed forces)
  So long..


  -SCF forces in the reference frame (a.u.):
     Atom            X                  Y                   Z
    ------   -----------------  -----------------  -----------------
       1        0.000000000000     0.000000000000     0.000673748675
       2        0.000000000000    -0.006326003647    -0.000336874338
       3        0.000000000000     0.006326003647    -0.000336874338

******************************************************************************
tstop called on boromir.chem
Tue Mar 16 14:44:05 2004

user time   =       0.73 seconds =       0.01 minutes
system time =       0.02 seconds =       0.00 minutes
total time  =          0 seconds =       0.00 minutes

	------------------------------------------------------
	    OPTKING: for internal coordinate optimizations    
	------------------------------------------------------

Cartesian geometry and possibly gradient in a.u. with masses
  8.0    15.99491462  -0.0000000000   0.0000000000  -0.1222527974
  1.0     1.00782503  -0.0000000000   1.3998180038   0.9701203058
  1.0     1.00782503   0.0000000000  -1.3998180038   0.9701203058
                       0.0000000000   0.0000000000   0.0006737487
                       0.0000000000  -0.0063260036  -0.0003368743
                       0.0000000000   0.0063260036  -0.0003368743
Searching for geometrical constraints...
Simple Internal Coordinates and Values
Stretches
    (1 1 2) (0.93960922)
    (2 1 3) (0.93960922)
Bends
    (3 2 1 3) (104.06532822)
 
 ** Taking normal optimization step. **

Current SCF energy before step       -76.0234750019

Taking geometry step number 2

BuB^t Determinant: 2.687039e+00

Force Constants read from PSIF_OPTKING

Performing BFGS Hessian update with previous 1 gradient(s).

Scaling displacements by 1.000000

Internal Coordinate Update in Ang or Rad, aJ/Ang or aJ/Rad
       Value         Force        Displacement  New Value
 1    0.93960922    0.04279544    0.00417167    0.94378089
 2    0.93960922    0.04279544    0.00417167    0.94378089
 3    1.81628261    0.02807149    0.03664114    1.85292376
   MAX force:    0.0427954408   RMS force:    0.0385179960

Back-transformation to cartesian coordinates...
 Iter   RMS Delta(dx)   RMS Delta(dq)
    2  0.008012492239  0.000160042584
    3  0.000075616296  0.000000016161
    4  0.000000006067  0.000000000000
Convergence to displaced geometry took 4 iterations.
   0.0000000000   0.0000000000  -0.1198922771   0.0000000000   1.4258975774   0.9513887206   0.0000000000  -1.4258975774   0.9513887206
  -0.0000000000   0.0000000000  -0.1198922771  -0.0000000000   1.4258975774   0.9513887206   0.0000000000  -1.4258975774   0.9513887206
New Cartesian Geometry in a.u.
  8.0  -0.0000000000   0.0000000000  -0.1198922771
  1.0  -0.0000000000   1.4258975774   0.9513887206
  1.0   0.0000000000  -1.4258975774   0.9513887206

Geometry written to chkpt

******** OPTKING execution completed ********

******************************************************************************
tstart called on boromir.chem
Tue Mar 16 14:44:05 2004

                  --------------------------------------------
                    CINTS: An integrals program written in C
                     Justin T. Fermann and Edward F. Valeev
                  --------------------------------------------


  -OPTIONS:
    Print level                 = 1
    Integral tolerance          = 1e-15
    Max. memory to use          = 2500000 double words
    Number of threads           = 1
    LIBINT's real type length   = 64 bit

  -CALCULATION CONSTANTS:
    Label                       = 6-31G** SCF H2O Optimization
    Number of atoms             = 3
    Number of atomic orbitals   = 25
    Number of symmetry orbitals = 25
    Maximum AM in the basis     = 2

  -SYMMETRY INFORMATION;
    Computational point group        = C2v
    Number of irreps                 = 4

    Wrote 13617 two-electron integrals to IWL file 33

******************************************************************************
tstop called on boromir.chem
Tue Mar 16 14:44:06 2004

user time   =       0.44 seconds =       0.01 minutes
system time =       0.01 seconds =       0.00 minutes
total time  =          1 seconds =       0.02 minutes
******************************************************************************
tstart called on boromir.chem
Tue Mar 16 14:44:06 2004


             ------------------------------------------

                CSCF3.0: An SCF program written in C

              Written by too many people to mention here

             ------------------------------------------

  I think the multiplicity is 1.
  If this is wrong, please specify the MULTP keyword

  label        = 6-31G** SCF H2O Optimization
  wfn          = SCF
  reference    = RHF
  multiplicity = 1
  charge       = 0
  direct       = false
  dertype      = FIRST
  convergence  = 7
  maxiter      = 40
  guess        = AUTO

  nuclear repulsion energy        9.3218445000586

  using old vector from file30 as initial guess
  energy from old vector:   -76.02347500

  level shift                      = 0.100000
  diis scale factor                = 1.000000
  iterations before extrapolation  = 0
  6 error matrices will be kept

  keeping integrals in 114320 bytes of core

  The lowest eigenvalue of the overlap matrix was 2.231344e-02


  Reading Occupations from file30

  Symmetry block:   A1    A2    B1    B2   
  DOCC:              3     0     1     1   
  SOCC:              0     0     0     0   

  reading integrals in the IWL format from files 33,35,36,37
  wrote 6516 integrals to file92

  iter       total energy        delta E         delta P          diiser
    1       -76.0235588377    8.534540e+01    0.000000e+00    0.000000e+00
    2       -76.0236104393    5.160165e-05    1.224794e-04    3.180810e-03
    3       -76.0236123459    1.906574e-06    2.510152e-05    7.187147e-04
    4       -76.0236125055    1.595576e-07    4.869725e-06    2.372031e-04
    5       -76.0236125135    8.056048e-09    1.529456e-06    4.402415e-05
    6       -76.0236125140    4.410481e-10    3.909603e-07    9.042524e-06
    7       -76.0236125140    3.339551e-11    1.581460e-07    2.170727e-06
    8       -76.0236125140    6.394885e-13    1.877490e-08    2.551702e-07

 Correcting phases of orbitals.

Orbital energies (a.u.):

  Doubly occupied orbitals
   1A1    -20.557284     2A1     -1.345907     1B2     -0.713856  
   3A1     -0.567750     1B1     -0.497471  


  Unoccupied orbitals
   4A1      0.215210     2B2      0.308263     3B2      1.017363  
   5A1      1.091889     6A1      1.134321     2B1      1.169061  
   4B2      1.295510     7A1      1.410888     1A2      1.802016  
   8A1      1.830973     3B1      1.932090     5B2      2.580238  
   9A1      2.587662     6B2      2.840718     4B1      2.995213  
   2A2      3.006751    10A1      3.405181    11A1      3.744315  
   7B2      3.943169    12A1      4.128924  


        SCF total energy   =     -76.023612513999
        kinetic energy     =      75.861272016378
        nuc. attr. energy  =    -199.187650281800
        elec. rep. energy  =      47.302765751424
        potential energy   =    -151.884884530376
        virial theorem     =       1.997864604269
        wavefunction norm  =       1.000000000000
******************************************************************************
tstop called on boromir.chem
Tue Mar 16 14:44:06 2004

user time   =       0.02 seconds =       0.00 minutes
system time =       0.00 seconds =       0.00 minutes
total time  =          0 seconds =       0.00 minutes
******************************************************************************
tstart called on boromir.chem
Tue Mar 16 14:44:06 2004

                  --------------------------------------------
                    CINTS: An integrals program written in C
                     Justin T. Fermann and Edward F. Valeev
                  --------------------------------------------


  -OPTIONS:
    Print level                 = 1
    Integral tolerance          = 1e-15
    Max. memory to use          = 2500000 double words
    Number of threads           = 1
    LIBINT's real type length   = 64 bit

  -CALCULATION CONSTANTS:
    Label                       = 6-31G** SCF H2O Optimization
    Number of atoms             = 3
    Number of atomic orbitals   = 25
    Number of symmetry orbitals = 25
    Maximum AM in the basis     = 2

  -SYMMETRY INFORMATION;
    Computational point group        = C2v
    Number of irreps                 = 4
  Rotational invariance condition satisfied.
  |X cross Grad| =  0.000000000000   (it is the accuracy of the computed forces)
  So long..


  -SCF forces in the reference frame (a.u.):
     Atom            X                  Y                   Z
    ------   -----------------  -----------------  -----------------
       1        0.000000000000     0.000000000000    -0.000536297466
       2        0.000000000000     0.001003668890     0.000268148733
       3        0.000000000000    -0.001003668890     0.000268148733

******************************************************************************
tstop called on boromir.chem
Tue Mar 16 14:44:07 2004

user time   =       0.74 seconds =       0.01 minutes
system time =       0.01 seconds =       0.00 minutes
total time  =          1 seconds =       0.02 minutes

	------------------------------------------------------
	    OPTKING: for internal coordinate optimizations    
	------------------------------------------------------

Cartesian geometry and possibly gradient in a.u. with masses
  8.0    15.99491462  -0.0000000000   0.0000000000  -0.1198922771
  1.0     1.00782503  -0.0000000000   1.4258975774   0.9513887206
  1.0     1.00782503   0.0000000000  -1.4258975774   0.9513887206
                       0.0000000000   0.0000000000  -0.0005362975
                       0.0000000000   0.0010036689   0.0002681487
                       0.0000000000  -0.0010036689   0.0002681487
Searching for geometrical constraints...
Simple Internal Coordinates and Values
Stretches
    (1 1 2) (0.94378089)
    (2 1 3) (0.94378089)
Bends
    (3 2 1 3) (106.16471094)
 
 ** Taking normal optimization step. **

Current SCF energy before step       -76.0236125140

Taking geometry step number 3

BuB^t Determinant: 2.668842e+00

Force Constants read from PSIF_OPTKING

Performing BFGS Hessian update with previous 2 gradient(s).

Scaling displacements by 1.000000

Internal Coordinate Update in Ang or Rad, aJ/Ang or aJ/Rad
       Value         Force        Displacement  New Value
 1    0.94378089   -0.00793802   -0.00075954    0.94302135
 2    0.94378089   -0.00793802   -0.00075954    0.94302135
 3    1.85292376   -0.00302069   -0.00321118    1.84971257
   MAX force:    0.0079380156   RMS force:    0.0067118982

Back-transformation to cartesian coordinates...
 Iter   RMS Delta(dx)   RMS Delta(dq)
    2  0.000782610143  0.000001792544
    3  0.000000725683  0.000000000002
    4  0.000000000001  0.000000000000
Convergence to displaced geometry took 4 iterations.
   0.0000000000   0.0000000000  -0.1200516476   0.0000000000   1.4230295443   0.9526533838   0.0000000000  -1.4230295443   0.9526533838
  -0.0000000000   0.0000000000  -0.1200516476  -0.0000000000   1.4230295443   0.9526533838   0.0000000000  -1.4230295443   0.9526533838
New Cartesian Geometry in a.u.
  8.0  -0.0000000000   0.0000000000  -0.1200516476
  1.0  -0.0000000000   1.4230295443   0.9526533838
  1.0   0.0000000000  -1.4230295443   0.9526533838

Geometry written to chkpt

******** OPTKING execution completed ********

******************************************************************************
tstart called on boromir.chem
Tue Mar 16 14:44:07 2004

                  --------------------------------------------
                    CINTS: An integrals program written in C
                     Justin T. Fermann and Edward F. Valeev
                  --------------------------------------------


  -OPTIONS:
    Print level                 = 1
    Integral tolerance          = 1e-15
    Max. memory to use          = 2500000 double words
    Number of threads           = 1
    LIBINT's real type length   = 64 bit

  -CALCULATION CONSTANTS:
    Label                       = 6-31G** SCF H2O Optimization
    Number of atoms             = 3
    Number of atomic orbitals   = 25
    Number of symmetry orbitals = 25
    Maximum AM in the basis     = 2

  -SYMMETRY INFORMATION;
    Computational point group        = C2v
    Number of irreps                 = 4

    Wrote 13617 two-electron integrals to IWL file 33

******************************************************************************
tstop called on boromir.chem
Tue Mar 16 14:44:07 2004

user time   =       0.45 seconds =       0.01 minutes
system time =       0.00 seconds =       0.00 minutes
total time  =          0 seconds =       0.00 minutes
******************************************************************************
tstart called on boromir.chem
Tue Mar 16 14:44:07 2004


             ------------------------------------------

                CSCF3.0: An SCF program written in C

              Written by too many people to mention here

             ------------------------------------------

  I think the multiplicity is 1.
  If this is wrong, please specify the MULTP keyword

  label        = 6-31G** SCF H2O Optimization
  wfn          = SCF
  reference    = RHF
  multiplicity = 1
  charge       = 0
  direct       = false
  dertype      = FIRST
  convergence  = 7
  maxiter      = 40
  guess        = AUTO

  nuclear repulsion energy        9.3297769276019

  using old vector from file30 as initial guess
  energy from old vector:   -76.02361251

  level shift                      = 0.100000
  diis scale factor                = 1.000000
  iterations before extrapolation  = 0
  6 error matrices will be kept

  keeping integrals in 114320 bytes of core

  The lowest eigenvalue of the overlap matrix was 2.228205e-02


  Reading Occupations from file30

  Symmetry block:   A1    A2    B1    B2   
  DOCC:              3     0     1     1   
  SOCC:              0     0     0     0   

  reading integrals in the IWL format from files 33,35,36,37
  wrote 6516 integrals to file92

  iter       total energy        delta E         delta P          diiser
    1       -76.0236143668    8.535339e+01    0.000000e+00    0.000000e+00
    2       -76.0236149824    6.155903e-07    1.220867e-05    2.925906e-04
    3       -76.0236150083    2.590832e-08    2.959122e-06    8.711136e-05
    4       -76.0236150133    5.074227e-09    8.904209e-07    3.452341e-05
    5       -76.0236150135    1.300577e-10    1.856149e-07    5.291958e-06
    6       -76.0236150135    1.091394e-11    7.668649e-08    1.290195e-06

 Correcting phases of orbitals.

Orbital energies (a.u.):

  Doubly occupied orbitals
   1A1    -20.557255     2A1     -1.346475     1B2     -0.713935  
   3A1     -0.568265     1B1     -0.497605  


  Unoccupied orbitals
   4A1      0.215341     2B2      0.308446     3B2      1.016969  
   5A1      1.093007     6A1      1.134578     2B1      1.168987  
   4B2      1.295526     7A1      1.411643     1A2      1.802521  
   8A1      1.829605     3B1      1.931518     5B2      2.582612  
   9A1      2.588876     6B2      2.841783     4B1      2.997491  
   2A2      3.006489    10A1      3.406632    11A1      3.745814  
   7B2      3.945236    12A1      4.128562  


        SCF total energy   =     -76.023615013477
        kinetic energy     =      75.864714735045
        nuc. attr. energy  =    -199.204429202082
        elec. rep. energy  =      47.316099453560
        potential energy   =    -151.888329748522
        virial theorem     =       1.997909856320
        wavefunction norm  =       1.000000000000
******************************************************************************
tstop called on boromir.chem
Tue Mar 16 14:44:07 2004

user time   =       0.00 seconds =       0.00 minutes
system time =       0.02 seconds =       0.00 minutes
total time  =          0 seconds =       0.00 minutes
******************************************************************************
tstart called on boromir.chem
Tue Mar 16 14:44:07 2004

                  --------------------------------------------
                    CINTS: An integrals program written in C
                     Justin T. Fermann and Edward F. Valeev
                  --------------------------------------------


  -OPTIONS:
    Print level                 = 1
    Integral tolerance          = 1e-15
    Max. memory to use          = 2500000 double words
    Number of threads           = 1
    LIBINT's real type length   = 64 bit

  -CALCULATION CONSTANTS:
    Label                       = 6-31G** SCF H2O Optimization
    Number of atoms             = 3
    Number of atomic orbitals   = 25
    Number of symmetry orbitals = 25
    Maximum AM in the basis     = 2

  -SYMMETRY INFORMATION;
    Computational point group        = C2v
    Number of irreps                 = 4
  Rotational invariance condition satisfied.
  |X cross Grad| =  0.000000000000   (it is the accuracy of the computed forces)
  So long..


  -SCF forces in the reference frame (a.u.):
     Atom            X                  Y                   Z
    ------   -----------------  -----------------  -----------------
       1        0.000000000000     0.000000000000     0.000072890876
       2        0.000000000000    -0.000017264884    -0.000036445438
       3        0.000000000000     0.000017264884    -0.000036445438

******************************************************************************
tstop called on boromir.chem
Tue Mar 16 14:44:08 2004

user time   =       0.74 seconds =       0.01 minutes
system time =       0.02 seconds =       0.00 minutes
total time  =          1 seconds =       0.02 minutes

	------------------------------------------------------
	    OPTKING: for internal coordinate optimizations    
	------------------------------------------------------

Cartesian geometry and possibly gradient in a.u. with masses
  8.0    15.99491462  -0.0000000000   0.0000000000  -0.1200516476
  1.0     1.00782503  -0.0000000000   1.4230295443   0.9526533838
  1.0     1.00782503   0.0000000000  -1.4230295443   0.9526533838
                       0.0000000000   0.0000000000   0.0000728909
                       0.0000000000  -0.0000172649  -0.0000364454
                       0.0000000000   0.0000172649  -0.0000364454
Searching for geometrical constraints...
Simple Internal Coordinates and Values
Stretches
    (1 1 2) (0.94302135)
    (2 1 3) (0.94302135)
Bends
    (3 2 1 3) (105.98072373)
 
 ** Taking normal optimization step. **

Current SCF energy before step       -76.0236150135

Taking geometry step number 4

BuB^t Determinant: 2.672662e+00

Force Constants read from PSIF_OPTKING

Performing BFGS Hessian update with previous 3 gradient(s).

Scaling displacements by 1.000000

Internal Coordinate Update in Ang or Rad, aJ/Ang or aJ/Rad
       Value         Force        Displacement  New Value
 1    0.94302135    0.00029433    0.00004039    0.94306174
 2    0.94302135    0.00029433    0.00004039    0.94306174
 3    1.84971257   -0.00014537   -0.00023812    1.84947445
   MAX force:    0.0002943276   RMS force:    0.0002545511

Back-transformation to cartesian coordinates...
 Iter   RMS Delta(dx)   RMS Delta(dq)
    2  0.000050715225  0.000000008028
    3  0.000000003881  0.000000000000
Convergence to displaced geometry took 3 iterations.
   0.0000000000   0.0000000000  -0.1200757508   0.0000000000   1.4229627584   0.9528446510   0.0000000000  -1.4229627584   0.9528446510
  -0.0000000000   0.0000000000  -0.1200757508  -0.0000000000   1.4229627584   0.9528446510   0.0000000000  -1.4229627584   0.9528446510
New Cartesian Geometry in a.u.
  8.0  -0.0000000000   0.0000000000  -0.1200757508
  1.0  -0.0000000000   1.4229627584   0.9528446510
  1.0   0.0000000000  -1.4229627584   0.9528446510

Geometry written to chkpt

******** OPTKING execution completed ********

******************************************************************************
tstart called on boromir.chem
Tue Mar 16 14:44:08 2004

                  --------------------------------------------
                    CINTS: An integrals program written in C
                     Justin T. Fermann and Edward F. Valeev
                  --------------------------------------------


  -OPTIONS:
    Print level                 = 1
    Integral tolerance          = 1e-15
    Max. memory to use          = 2500000 double words
    Number of threads           = 1
    LIBINT's real type length   = 64 bit

  -CALCULATION CONSTANTS:
    Label                       = 6-31G** SCF H2O Optimization
    Number of atoms             = 3
    Number of atomic orbitals   = 25
    Number of symmetry orbitals = 25
    Maximum AM in the basis     = 2

  -SYMMETRY INFORMATION;
    Computational point group        = C2v
    Number of irreps                 = 4

    Wrote 13617 two-electron integrals to IWL file 33

******************************************************************************
tstop called on boromir.chem
Tue Mar 16 14:44:08 2004

user time   =       0.45 seconds =       0.01 minutes
system time =       0.00 seconds =       0.00 minutes
total time  =          0 seconds =       0.00 minutes
******************************************************************************
tstart called on boromir.chem
Tue Mar 16 14:44:08 2004


             ------------------------------------------

                CSCF3.0: An SCF program written in C

              Written by too many people to mention here

             ------------------------------------------

  I think the multiplicity is 1.
  If this is wrong, please specify the MULTP keyword

  label        = 6-31G** SCF H2O Optimization
  wfn          = SCF
  reference    = RHF
  multiplicity = 1
  charge       = 0
  direct       = false
  dertype      = FIRST
  convergence  = 7
  maxiter      = 40
  guess        = AUTO

  nuclear repulsion energy        9.3294088970042

  using old vector from file30 as initial guess
  energy from old vector:   -76.02361501

  level shift                      = 0.100000
  diis scale factor                = 1.000000
  iterations before extrapolation  = 0
  6 error matrices will be kept

  keeping integrals in 114320 bytes of core

  The lowest eigenvalue of the overlap matrix was 2.228317e-02


  Reading Occupations from file30

  Symmetry block:   A1    A2    B1    B2   
  DOCC:              3     0     1     1   
  SOCC:              0     0     0     0   

  reading integrals in the IWL format from files 33,35,36,37
  wrote 6516 integrals to file92

  iter       total energy        delta E         delta P          diiser
    1       -76.0236150156    8.535302e+01    0.000000e+00    0.000000e+00
    2       -76.0236150189    3.220521e-09    1.030990e-06    2.146676e-05
    3       -76.0236150191    2.690115e-10    3.046134e-07    8.466995e-06
    4       -76.0236150192    4.997958e-11    1.043159e-07    3.230624e-06
    5       -76.0236150192    6.352252e-12    5.956695e-08    1.001556e-06

 Correcting phases of orbitals.

Orbital energies (a.u.):

  Doubly occupied orbitals
   1A1    -20.557270     2A1     -1.346466     1B2     -0.713887  
   3A1     -0.568286     1B1     -0.497607  


  Unoccupied orbitals
   4A1      0.215331     2B2      0.308436     3B2      1.016892  
   5A1      1.093016     6A1      1.134580     2B1      1.168985  
   4B2      1.295523     7A1      1.411682     1A2      1.802544  
   8A1      1.829498     3B1      1.931468     5B2      2.582669  
   9A1      2.588835     6B2      2.841659     4B1      2.997541  
   2A2      3.006352    10A1      3.406549    11A1      3.745693  
   7B2      3.945216    12A1      4.128446  


        SCF total energy   =     -76.023615019193
        kinetic energy     =      75.864570836067
        nuc. attr. energy  =    -199.203586966517
        elec. rep. energy  =      47.315401111258
        potential energy   =    -151.888185855260
        virial theorem     =       1.997907963426
        wavefunction norm  =       1.000000000000
******************************************************************************
tstop called on boromir.chem
Tue Mar 16 14:44:08 2004

user time   =       0.02 seconds =       0.00 minutes
system time =       0.00 seconds =       0.00 minutes
total time  =          0 seconds =       0.00 minutes
******************************************************************************
tstart called on boromir.chem
Tue Mar 16 14:44:08 2004

                  --------------------------------------------
                    CINTS: An integrals program written in C
                     Justin T. Fermann and Edward F. Valeev
                  --------------------------------------------


  -OPTIONS:
    Print level                 = 1
    Integral tolerance          = 1e-15
    Max. memory to use          = 2500000 double words
    Number of threads           = 1
    LIBINT's real type length   = 64 bit

  -CALCULATION CONSTANTS:
    Label                       = 6-31G** SCF H2O Optimization
    Number of atoms             = 3
    Number of atomic orbitals   = 25
    Number of symmetry orbitals = 25
    Maximum AM in the basis     = 2

  -SYMMETRY INFORMATION;
    Computational point group        = C2v
    Number of irreps                 = 4
  Rotational invariance condition satisfied.
  |X cross Grad| =  0.000000000000   (it is the accuracy of the computed forces)
  So long..


  -SCF forces in the reference frame (a.u.):
     Atom            X                  Y                   Z
    ------   -----------------  -----------------  -----------------
       1        0.000000000000     0.000000000000    -0.000010522186
       2        0.000000000000     0.000002579659     0.000005261093
       3        0.000000000000    -0.000002579659     0.000005261093

******************************************************************************
tstop called on boromir.chem
Tue Mar 16 14:44:09 2004

user time   =       0.75 seconds =       0.01 minutes
system time =       0.00 seconds =       0.00 minutes
total time  =          1 seconds =       0.02 minutes

	------------------------------------------------------
	    OPTKING: for internal coordinate optimizations    
	------------------------------------------------------

Cartesian geometry and possibly gradient in a.u. with masses
  8.0    15.99491462  -0.0000000000   0.0000000000  -0.1200757508
  1.0     1.00782503  -0.0000000000   1.4229627584   0.9528446510
  1.0     1.00782503   0.0000000000  -1.4229627584   0.9528446510
                       0.0000000000   0.0000000000  -0.0000105222
                       0.0000000000   0.0000025797   0.0000052611
                       0.0000000000  -0.0000025797   0.0000052611
Searching for geometrical constraints...
Simple Internal Coordinates and Values
Stretches
    (1 1 2) (0.94306174)
    (2 1 3) (0.94306174)
Bends
    (3 2 1 3) (105.96708032)
 
 ** Taking normal optimization step. **

Current SCF energy before step       -76.0236150192

Taking geometry step number 5

BuB^t Determinant: 2.672397e+00

Force Constants read from PSIF_OPTKING

Performing BFGS Hessian update with previous 4 gradient(s).

Scaling displacements by 1.000000

Internal Coordinate Update in Ang or Rad, aJ/Ang or aJ/Rad
       Value         Force        Displacement  New Value
 1    0.94306174   -0.00004307   -0.00000514    0.94305660
 2    0.94306174   -0.00004307   -0.00000514    0.94305660
 3    1.84947445    0.00002057    0.00002960    1.84950405
   MAX force:    0.0000430652   RMS force:    0.0000371143

Back-transformation to cartesian coordinates...
 Iter   RMS Delta(dx)   RMS Delta(dq)
    2  0.000006318168  0.000000000126
    3  0.000000000060  0.000000000000
Convergence to displaced geometry took 3 iterations.
   0.0000000000   0.0000000000  -0.1200727399   0.0000000000   1.4229708891   0.9528207586   0.0000000000  -1.4229708891   0.9528207586
  -0.0000000000   0.0000000000  -0.1200727399  -0.0000000000   1.4229708891   0.9528207586   0.0000000000  -1.4229708891   0.9528207586
New Cartesian Geometry in a.u.
  8.0  -0.0000000000   0.0000000000  -0.1200727399
  1.0  -0.0000000000   1.4229708891   0.9528207586
  1.0   0.0000000000  -1.4229708891   0.9528207586

Geometry written to chkpt

******** OPTKING execution completed ********

******************************************************************************
tstart called on boromir.chem
Tue Mar 16 14:44:09 2004

                  --------------------------------------------
                    CINTS: An integrals program written in C
                     Justin T. Fermann and Edward F. Valeev
                  --------------------------------------------


  -OPTIONS:
    Print level                 = 1
    Integral tolerance          = 1e-15
    Max. memory to use          = 2500000 double words
    Number of threads           = 1
    LIBINT's real type length   = 64 bit

  -CALCULATION CONSTANTS:
    Label                       = 6-31G** SCF H2O Optimization
    Number of atoms             = 3
    Number of atomic orbitals   = 25
    Number of symmetry orbitals = 25
    Maximum AM in the basis     = 2

  -SYMMETRY INFORMATION;
    Computational point group        = C2v
    Number of irreps                 = 4

    Wrote 13617 two-electron integrals to IWL file 33

******************************************************************************
tstop called on boromir.chem
Tue Mar 16 14:44:10 2004

user time   =       0.43 seconds =       0.01 minutes
system time =       0.02 seconds =       0.00 minutes
total time  =          1 seconds =       0.02 minutes
******************************************************************************
tstart called on boromir.chem
Tue Mar 16 14:44:10 2004


             ------------------------------------------

                CSCF3.0: An SCF program written in C

              Written by too many people to mention here

             ------------------------------------------

  I think the multiplicity is 1.
  If this is wrong, please specify the MULTP keyword

  label        = 6-31G** SCF H2O Optimization
  wfn          = SCF
  reference    = RHF
  multiplicity = 1
  charge       = 0
  direct       = false
  dertype      = FIRST
  convergence  = 7
  maxiter      = 40
  guess        = AUTO

  nuclear repulsion energy        9.3294557798626

  using old vector from file30 as initial guess
  energy from old vector:   -76.02361502

  level shift                      = 0.100000
  diis scale factor                = 1.000000
  iterations before extrapolation  = 0
  6 error matrices will be kept

  keeping integrals in 114320 bytes of core

  The lowest eigenvalue of the overlap matrix was 2.228303e-02


  Reading Occupations from file30

  Symmetry block:   A1    A2    B1    B2   
  DOCC:              3     0     1     1   
  SOCC:              0     0     0     0   

  reading integrals in the IWL format from files 33,35,36,37
  wrote 6516 integrals to file92

  iter       total energy        delta E         delta P          diiser
    1       -76.0236150193    8.535307e+01    0.000000e+00    0.000000e+00
    2       -76.0236150193    5.077538e-11    1.270166e-07    2.750477e-06
    3       -76.0236150193    4.078515e-12    3.751037e-08    1.080173e-06

 Correcting phases of orbitals.

Orbital energies (a.u.):

  Doubly occupied orbitals
   1A1    -20.557266     2A1     -1.346466     1B2     -0.713892  
   3A1     -0.568283     1B1     -0.497606  


  Unoccupied orbitals
   4A1      0.215332     2B2      0.308437     3B2      1.016902  
   5A1      1.093015     6A1      1.134580     2B1      1.168985  
   4B2      1.295524     7A1      1.411677     1A2      1.802542  
   8A1      1.829512     3B1      1.931475     5B2      2.582662  
   9A1      2.588840     6B2      2.841675     4B1      2.997535  
   2A2      3.006370    10A1      3.406560    11A1      3.745709  
   7B2      3.945219    12A1      4.128461  


        SCF total energy   =     -76.023615019311
        kinetic energy     =      75.864585239027
        nuc. attr. energy  =    -199.203684838045
        elec. rep. energy  =      47.315484579707
        potential energy   =    -151.888200258338
        virial theorem     =       1.997908152878
        wavefunction norm  =       1.000000000000
******************************************************************************
tstop called on boromir.chem
Tue Mar 16 14:44:10 2004

user time   =       0.01 seconds =       0.00 minutes
system time =       0.00 seconds =       0.00 minutes
total time  =          0 seconds =       0.00 minutes
******************************************************************************
tstart called on boromir.chem
Tue Mar 16 14:44:10 2004

                  --------------------------------------------
                    CINTS: An integrals program written in C
                     Justin T. Fermann and Edward F. Valeev
                  --------------------------------------------


  -OPTIONS:
    Print level                 = 1
    Integral tolerance          = 1e-15
    Max. memory to use          = 2500000 double words
    Number of threads           = 1
    LIBINT's real type length   = 64 bit

  -CALCULATION CONSTANTS:
    Label                       = 6-31G** SCF H2O Optimization
    Number of atoms             = 3
    Number of atomic orbitals   = 25
    Number of symmetry orbitals = 25
    Maximum AM in the basis     = 2

  -SYMMETRY INFORMATION;
    Computational point group        = C2v
    Number of irreps                 = 4
  Rotational invariance condition satisfied.
  |X cross Grad| =  0.000000000000   (it is the accuracy of the computed forces)
  So long..


  -SCF forces in the reference frame (a.u.):
     Atom            X                  Y                   Z
    ------   -----------------  -----------------  -----------------
       1        0.000000000000     0.000000000000     0.000000253167
       2        0.000000000000     0.000000002196    -0.000000126583
       3        0.000000000000    -0.000000002196    -0.000000126583

******************************************************************************
tstop called on boromir.chem
Tue Mar 16 14:44:10 2004

user time   =       0.74 seconds =       0.01 minutes
system time =       0.01 seconds =       0.00 minutes
total time  =          0 seconds =       0.00 minutes

	------------------------------------------------------
	    OPTKING: for internal coordinate optimizations    
	------------------------------------------------------

Cartesian geometry and possibly gradient in a.u. with masses
  8.0    15.99491462  -0.0000000000   0.0000000000  -0.1200727399
  1.0     1.00782503  -0.0000000000   1.4229708891   0.9528207586
  1.0     1.00782503   0.0000000000  -1.4229708891   0.9528207586
                       0.0000000000   0.0000000000   0.0000002532
                       0.0000000000   0.0000000022  -0.0000001266
                       0.0000000000  -0.0000000022  -0.0000001266
Searching for geometrical constraints...
Simple Internal Coordinates and Values
Stretches
    (1 1 2) (0.94305660)
    (2 1 3) (0.94305660)
Bends
    (3 2 1 3) (105.96877634)
 
 ** Taking normal optimization step. **

Current SCF energy before step       -76.0236150193

Taking geometry step number 6

BuB^t Determinant: 2.672430e+00

Force Constants read from PSIF_OPTKING

Performing BFGS Hessian update with previous 5 gradient(s).

Scaling displacements by 1.000000

Internal Coordinate Update in Ang or Rad, aJ/Ang or aJ/Rad
       Value         Force        Displacement  New Value
 1    0.94305660    0.00000061    0.00000009    0.94305669
 2    0.94305660    0.00000061    0.00000009    0.94305669
 3    1.84950405   -0.00000080   -0.00000104    1.84950301
   MAX force:    0.0000007956   RMS force:    0.0000006796

MAX force is < 1.0e-05.  Optimization is complete.
Final SCF energy is  -76.0236150193
The Optimized geometry in a.u.
  (  O  -0.0000000000   0.0000000000  -0.1200727399 )
  (  H  -0.0000000000   1.4229708891   0.9528207586 )
  (  H   0.0000000000  -1.4229708891   0.9528207586 )

******** OPTKING execution completed ********

