******************************************************************************
tstart called on julius.chemistry.gatech.edu
Fri Apr  6 14:36:28 2007

                                --------------
                                  WELCOME TO
                                    PSI  3
                                --------------

  LABEL       =	DZP RHF optimization of CH4
  SHOWNORM    =	0
  PUREAM      =	0
  PRINT_LVL   =	1

  Parsed basis sets from /theoryfs/common/software/x86_64/psi3-bin/share/pbasis.dat

  -Geometry before Center-of-Mass shift (a.u.):
       Center              X                  Y                   Z
    ------------   -----------------  -----------------  -----------------
          CARBON      0.000000000000     0.000000000000     0.000000000000
        HYDROGEN      0.000000000000     0.000000000000     1.700753389721
        HYDROGEN      1.603485673330     0.000000000000    -0.566917796574
        HYDROGEN     -0.801742836665    -1.388659327708    -0.566917796574
        HYDROGEN     -0.801742836665     1.388659327708    -0.566917796574


  -Rotational constants (cm-1) :
    A =    7.74386  B =    7.74386  C =    7.74386
    It is a spherical top.

  -Geometry after Center-of-Mass shift and reorientation (a.u.):
       Center              X                  Y                   Z
    ------------   -----------------  -----------------  -----------------
          CARBON      0.000000000000    -0.000000000000    -0.000000000000
        HYDROGEN      0.981930427381    -0.981930427381    -0.981930427381
        HYDROGEN      0.981930427380     0.981930427381     0.981930427381
        HYDROGEN     -0.981930427381     0.981930427381    -0.981930427381
        HYDROGEN     -0.981930427381    -0.981930427380     0.981930427381


  -SYMMETRY INFORMATION:
    Computational point group is D2  
    Number of irr. rep.      = 4
    Number of atoms          = 5
    Number of unique atoms   = 2


  -BASIS SETS:

   -Basis set on unique center 1:
      ( (S (  4232.61000000     0.00202900)
           (   634.88200000     0.01553500)
           (   146.09700000     0.07541100)
           (    42.49740000     0.25712100)
           (    14.18920000     0.59655500)
           (     1.96660000     0.24251700) )
        (S (     5.14770000     1.00000000) )
        (S (     0.49620000     1.00000000) )
        (S (     0.15330000     1.00000000) )
        (P (    18.15570000     0.01853400)
           (     3.98640000     0.11544200)
           (     1.14290000     0.38620600)
           (     0.35940000     0.64008900) )
        (P (     0.11460000     1.00000000) )
        (D (     0.75000000     1.00000000) )
       )

   -Basis set on unique center 2:
      ( (S (    19.24060000     0.03282800)
           (     2.89920000     0.23120800)
           (     0.65340000     0.81723800) )
        (S (     0.17760000     1.00000000) )
        (P (     0.75000000     1.00000000) )
       )


  -BASIS SET INFORMATION:
    Total number of shells = 19
    Number of primitives   = 20
    Number of AO           = 36
    Number of SO           = 36

    Irrep    Number of SO
    -----    ------------
      1           12
      2            8
      3            8
      4            8


  -Unique atoms in the canonical coordinate system (a.u.):
       Center              X                  Y                   Z
    ------------   -----------------  -----------------  -----------------
          CARBON      0.000000000000    -0.000000000000    -0.000000000000
        HYDROGEN      0.981930427380     0.981930427381     0.981930427381


  -Geometry in the canonical coordinate system (a.u.):
       Center              X                  Y                   Z
    ------------   -----------------  -----------------  -----------------
          CARBON      0.000000000000    -0.000000000000    -0.000000000000
        HYDROGEN      0.981930427381    -0.981930427381    -0.981930427381
        HYDROGEN      0.981930427380     0.981930427381     0.981930427381
        HYDROGEN     -0.981930427381     0.981930427381    -0.981930427381
        HYDROGEN     -0.981930427381    -0.981930427380     0.981930427381


  -Geometry in the canonical coordinate system (Angstrom):
       Center              X                  Y                   Z
    ------------   -----------------  -----------------  -----------------
          CARBON      0.000000000000    -0.000000000000    -0.000000000000
        HYDROGEN      0.519615242271    -0.519615242271    -0.519615242271
        HYDROGEN      0.519615242271     0.519615242271     0.519615242271
        HYDROGEN     -0.519615242271     0.519615242271    -0.519615242271
        HYDROGEN     -0.519615242271    -0.519615242270     0.519615242271


  -Geometry in the reference coordinate system (a.u.):
       Center              X                  Y                   Z
    ------------   -----------------  -----------------  -----------------
          CARBON      0.000000000000    -0.000000000000    -0.000000000000
        HYDROGEN      0.981930427381    -0.981930427381    -0.981930427381
        HYDROGEN      0.981930427380     0.981930427381     0.981930427381
        HYDROGEN     -0.981930427381     0.981930427381    -0.981930427381
        HYDROGEN     -0.981930427381    -0.981930427380     0.981930427381


  --------------------------------------------------------------------------

    Nuclear Repulsion Energy (a.u.) =      16.271750379233

  -The Interatomic Distances in angstroms:

           1           2           3           4           5

    1   0.0000000
    2   0.9000000   0.0000000
    3   0.9000000   1.4696938   0.0000000
    4   0.9000000   1.4696938   1.4696938   0.0000000
    5   0.9000000   1.4696938   1.4696938   1.4696938   0.0000000

    Note: To print *all* bond angles, out-of-plane
          angles, and torsion angles set print = 3


******************************************************************************
tstop called on julius.chemistry.gatech.edu
Fri Apr  6 14:36:28 2007

user time   =       0.03 seconds =       0.00 minutes
system time =       0.00 seconds =       0.00 minutes
total time  =          0 seconds =       0.00 minutes
******************************************************************************
tstart called on julius.chemistry.gatech.edu
Fri Apr  6 14:36:28 2007

                  --------------------------------------------
                    CINTS: An integrals program written in C
                     Justin T. Fermann and Edward F. Valeev
                  --------------------------------------------


  -OPTIONS:
    Print level                 = 1
    Integral tolerance          = 1e-15
    Max. memory to use          = 2500000 double words
    Number of threads           = 1
    LIBINT's real type length   = 64 bit

  -CALCULATION CONSTANTS:
    Label                       = DZP RHF optimization of CH4
    Number of atoms             = 5
    Number of atomic orbitals   = 36
    Number of symmetry orbitals = 36
    Maximum AM in the basis     = 2

  -SYMMETRY INFORMATION;
    Computational point group        = D2 
    Number of irreps                 = 4

    Wrote 55143 two-electron integrals to IWL file 33

******************************************************************************
tstop called on julius.chemistry.gatech.edu
Fri Apr  6 14:36:28 2007

user time   =       0.04 seconds =       0.00 minutes
system time =       0.00 seconds =       0.00 minutes
total time  =          0 seconds =       0.00 minutes
******************************************************************************
tstart called on julius.chemistry.gatech.edu
Fri Apr  6 14:36:28 2007


             ------------------------------------------

                CSCF3.0: An SCF program written in C

              Written by too many people to mention here

             ------------------------------------------

  I think the multiplicity is 1.
  If this is wrong, please specify the MULTP keyword

  label        = DZP RHF optimization of CH4
  wfn          = SCF
  reference    = RHF
  multiplicity = 1
  charge       = 0
  direct       = false
  dertype      = FIRST
  convergence  = 10
  maxiter      = 40
  guess        = AUTO

  nuclear repulsion energy       16.2717503792329
  first run, so defaulting to core-hamiltonian guess

  level shift                      = 0.100000
  diis scale factor                = 1.000000
  iterations before extrapolation  = 0
  6 error matrices will be kept

  keeping integrals in 278336 bytes of core

  The lowest eigenvalue of the overlap matrix was 5.088728e-03

  Using core guess to determine occupations


  Symmetry block:   A     B1    B2    B3   
  DOCC:              2     1     1     1   
  SOCC:              0     0     0     0   

  reading integrals in the IWL format from files 33,35,36,37
  wrote 17151 integrals to file92

  iter       total energy        delta E         delta P          diiser
    1       -32.8480673334    4.911982e+01    0.000000e+00    0.000000e+00
    2       -38.1943009818    5.346234e+00    6.798224e-02    1.491530e+00
    3       -39.9286531859    1.734352e+00    1.269415e-02    4.813068e-01
    4       -40.0655050945    1.368519e-01    3.552389e-03    1.234664e-01
    5       -40.0713949512    5.889857e-03    9.460677e-04    2.994752e-02
    6       -40.0715279346    1.329834e-04    2.447990e-04    3.297172e-03
    7       -40.0715294042    1.469690e-06    2.798262e-05    2.947398e-04
    8       -40.0715294086    4.338020e-09    1.563543e-06    1.811080e-05
    9       -40.0715294087    8.790124e-11    2.097884e-07    3.513683e-06
   10       -40.0715294087    1.278977e-13    1.417375e-08    1.836205e-07
   11       -40.0715294087   -1.421085e-14    3.073438e-09    3.682962e-08
   12       -40.0715294087    5.684342e-14    5.135087e-11    1.306544e-09

Orbital energies (a.u.):

  Doubly occupied orbitals
   1A     -11.126717     2A      -1.028802     1B2     -0.594678  
   1B1     -0.594678     1B3     -0.594678  


  Unoccupied orbitals
   2B3      0.317754     2B1      0.317754     2B2      0.317754  
   3A       0.342004     3B3      0.540068     3B1      0.540068  
   3B2      0.540068     4A       0.960678     4B1      1.259855  
   4B3      1.259855     4B2      1.259855     5A       1.270109  
   6A       1.270109     7A       1.436435     5B3      1.925778  
   5B2      1.925778     5B1      1.925778     6B1      2.158357  
   6B2      2.158357     6B3      2.158357     7B3      2.704124  
   7B1      2.704124     7B2      2.704124     8A       3.051296  
   9A       3.051296    10A       3.469188     8B1      3.876889  
   8B3      3.876889     8B2      3.876889    11A       4.397671  
  12A      27.752109  


        SCF total energy   =     -40.071529408669
        kinetic energy     =      41.437975278928
        nuc. attr. energy  =    -126.245431164174
        elec. rep. energy  =      44.735926476577
        potential energy   =     -81.509504687597
        virial theorem     =       2.034100167636
        wavefunction norm  =       1.000000000000
******************************************************************************
tstop called on julius.chemistry.gatech.edu
Fri Apr  6 14:36:28 2007

user time   =       0.01 seconds =       0.00 minutes
system time =       0.00 seconds =       0.00 minutes
total time  =          0 seconds =       0.00 minutes
******************************************************************************
tstart called on julius.chemistry.gatech.edu
Fri Apr  6 14:36:28 2007

                  --------------------------------------------
                    CINTS: An integrals program written in C
                     Justin T. Fermann and Edward F. Valeev
                  --------------------------------------------


  -OPTIONS:
    Print level                 = 1
    Integral tolerance          = 1e-15
    Max. memory to use          = 2500000 double words
    Number of threads           = 1
    LIBINT's real type length   = 64 bit

  -CALCULATION CONSTANTS:
    Label                       = DZP RHF optimization of CH4
    Number of atoms             = 5
    Number of atomic orbitals   = 36
    Number of symmetry orbitals = 36
    Maximum AM in the basis     = 2

  -SYMMETRY INFORMATION;
    Computational point group        = D2 
    Number of irreps                 = 4
  Rotational invariance condition satisfied.
  |X cross Grad| =  0.000000000000   (it is the accuracy of the computed forces)
  So long..


  -SCF forces in the reference frame (a.u.):
     Atom            X                  Y                   Z
    ------   -----------------  -----------------  -----------------
       1        0.000000000000     0.000000000000     0.000000000000
       2       -0.131623706305     0.131623706305     0.131623706305
       3       -0.131623706305    -0.131623706305    -0.131623706305
       4        0.131623706305    -0.131623706305     0.131623706305
       5        0.131623706305     0.131623706305    -0.131623706305

******************************************************************************
tstop called on julius.chemistry.gatech.edu
Fri Apr  6 14:36:28 2007

user time   =       0.18 seconds =       0.00 minutes
system time =       0.01 seconds =       0.00 minutes
total time  =          0 seconds =       0.00 minutes

	------------------------------------------------------
	    OPTKING: for internal coordinate optimizations    
	------------------------------------------------------

Cartesian geometry and possibly gradient in a.u. with masses
  6.0    12.00000000   0.0000000000  -0.0000000000  -0.0000000000
  1.0     1.00782503   0.9819304274  -0.9819304274  -0.9819304274
  1.0     1.00782503   0.9819304274   0.9819304274   0.9819304274
  1.0     1.00782503  -0.9819304274   0.9819304274  -0.9819304274
  1.0     1.00782503  -0.9819304274  -0.9819304274   0.9819304274
                       0.0000000000   0.0000000000   0.0000000000
                      -0.1316237063   0.1316237063   0.1316237063
                      -0.1316237063  -0.1316237063  -0.1316237063
                       0.1316237063  -0.1316237063   0.1316237063
                       0.1316237063   0.1316237063  -0.1316237063

Generating simple internals
Searching for geometrical constraints...
Simple Internal Coordinates and Values
Stretches
    (1 1 2) (0.90000000)
    (2 1 3) (0.90000000)
    (3 1 4) (0.90000000)
    (4 1 5) (0.90000000)
Bends
    (5 2 1 3) (109.47122063)
    (6 2 1 4) (109.47122063)
    (7 2 1 5) (109.47122063)
    (8 3 1 4) (109.47122063)
    (9 3 1 5) (109.47122063)
    (10 4 1 5) (109.47122063)

Putting simple, possibly redundant, internal coordinates in intco.dat.
 
 ** Taking normal optimization step. **

Current SCF energy before step       -40.0715294087

Taking geometry step number 1

BuB^t Determinant: 1.703030e-13

Generating empirical Hessian.

Force Constants read from PSIF_OPTKING

No BFGS update performed.

Scaling displacements by 1.000000

Internal Coordinate Update in Ang or Rad, aJ/Ang or aJ/Rad
       Value         Force        Displacement  New Value
 1    0.90000000    1.87825498    0.17070430    1.07070430
 2    0.90000000    1.87825498    0.17070430    1.07070430
 3    0.90000000    1.87825498    0.17070430    1.07070430
 4    0.90000000    1.87825498    0.17070430    1.07070430
 5    1.91063324    0.00000000    0.00000000    1.91063324
 6    1.91063324    0.00000000    0.00000000    1.91063324
 7    1.91063324   -0.00000000   -0.00000000    1.91063324
 8    1.91063324   -0.00000000   -0.00000000    1.91063324
 9    1.91063324    0.00000000    0.00000000    1.91063324
10    1.91063324    0.00000000    0.00000000    1.91063324
   MAX force:    1.8782549779   RMS force:    1.1879127513

Back-transformation to cartesian coordinates...
 Iter   RMS Delta(dx)   RMS Delta(dq)
    2  0.088151321589  0.000000000000
    3  0.000000000000  0.000000000000
Convergence to displaced geometry took 3 iterations.

New Cartesian Geometry in a.u.
  6.0   0.0000000000   0.0000000000   0.0000000000
  1.0   1.1681745901  -1.1681745901  -1.1681745901
  1.0   1.1681745901   1.1681745901   1.1681745901
  1.0  -1.1681745901   1.1681745901  -1.1681745901
  1.0  -1.1681745901  -1.1681745901   1.1681745901

Geometry written to chkpt

******** OPTKING execution completed ********

******************************************************************************
tstart called on julius.chemistry.gatech.edu
Fri Apr  6 14:36:29 2007

                  --------------------------------------------
                    CINTS: An integrals program written in C
                     Justin T. Fermann and Edward F. Valeev
                  --------------------------------------------


  -OPTIONS:
    Print level                 = 1
    Integral tolerance          = 1e-15
    Max. memory to use          = 2500000 double words
    Number of threads           = 1
    LIBINT's real type length   = 64 bit

  -CALCULATION CONSTANTS:
    Label                       = DZP RHF optimization of CH4
    Number of atoms             = 5
    Number of atomic orbitals   = 36
    Number of symmetry orbitals = 36
    Maximum AM in the basis     = 2

  -SYMMETRY INFORMATION;
    Computational point group        = D2 
    Number of irreps                 = 4

    Wrote 55143 two-electron integrals to IWL file 33

******************************************************************************
tstop called on julius.chemistry.gatech.edu
Fri Apr  6 14:36:29 2007

user time   =       0.05 seconds =       0.00 minutes
system time =       0.00 seconds =       0.00 minutes
total time  =          0 seconds =       0.00 minutes
******************************************************************************
tstart called on julius.chemistry.gatech.edu
Fri Apr  6 14:36:29 2007


             ------------------------------------------

                CSCF3.0: An SCF program written in C

              Written by too many people to mention here

             ------------------------------------------

  I think the multiplicity is 1.
  If this is wrong, please specify the MULTP keyword

  label        = DZP RHF optimization of CH4
  wfn          = SCF
  reference    = RHF
  multiplicity = 1
  charge       = 0
  direct       = false
  dertype      = FIRST
  convergence  = 10
  maxiter      = 40
  guess        = AUTO

  nuclear repulsion energy       13.6775161341599

  using old vector from file30 as initial guess
  energy from old vector:   -40.07152941

  level shift                      = 0.100000
  diis scale factor                = 1.000000
  iterations before extrapolation  = 0
  6 error matrices will be kept

  keeping integrals in 278336 bytes of core

  The lowest eigenvalue of the overlap matrix was 1.215163e-02


  Reading Occupations from checkpoint file.

  Symmetry block:   A     B1    B2    B3   
  DOCC:              2     1     1     1   
  SOCC:              0     0     0     0   

  reading integrals in the IWL format from files 33,35,36,37
  wrote 17151 integrals to file92

  iter       total energy        delta E         delta P          diiser
    1       -40.1792350701    5.385675e+01    0.000000e+00    0.000000e+00
    2       -40.2037696828    2.453461e-02    1.344933e-03    8.970898e-02
    3       -40.2054821616    1.712479e-03    4.111277e-04    2.527471e-02
    4       -40.2056231620    1.410005e-04    9.652181e-05    5.006173e-03
    5       -40.2056251309    1.968859e-06    1.478935e-05    7.176789e-04
    6       -40.2056251537    2.284187e-08    2.107257e-06    7.749817e-05
    7       -40.2056251537    2.184208e-11    9.246039e-08    2.078510e-06
    8       -40.2056251537    6.394885e-14    5.805035e-09    7.284160e-08
    9       -40.2056251537   -3.552714e-14    1.472003e-09    1.933947e-08
   10       -40.2056251537    4.263256e-14    2.512174e-10    3.640506e-09
   11       -40.2056251537    0.000000e+00    4.145350e-11    6.778527e-10

 No phase correction possible.

Orbital energies (a.u.):

  Doubly occupied orbitals
   1A     -11.203419     2A      -0.948537     1B2     -0.547173  
   1B1     -0.547173     1B3     -0.547173  


  Unoccupied orbitals
   3A       0.302905     2B3      0.315415     2B1      0.315415  
   2B2      0.315415     3B2      0.486304     3B1      0.486304  
   3B3      0.486304     4A       0.975907     5A       1.224584  
   4B3      1.225932     4B1      1.225932     4B2      1.225932  
   6A       1.258038     7A       1.258038     5B2      1.741954  
   5B1      1.741954     5B3      1.741954     6B2      1.951610  
   6B1      1.951610     6B3      1.951610     7B2      2.440039  
   7B1      2.440039     7B3      2.440039     8A       2.774003  
   9A       2.774003    10A       2.874340     8B2      3.237581  
   8B1      3.237581     8B3      3.237581    11A       4.422384  
  12A      27.721010  


        SCF total energy   =     -40.205625153747
        kinetic energy     =      40.227570067414
        nuc. attr. energy  =    -120.406901288695
        elec. rep. energy  =      39.973706067534
        potential energy   =     -80.433195221161
        virial theorem     =       2.000545816999
        wavefunction norm  =       1.000000000000
******************************************************************************
tstop called on julius.chemistry.gatech.edu
Fri Apr  6 14:36:29 2007

user time   =       0.00 seconds =       0.00 minutes
system time =       0.02 seconds =       0.00 minutes
total time  =          0 seconds =       0.00 minutes
******************************************************************************
tstart called on julius.chemistry.gatech.edu
Fri Apr  6 14:36:29 2007

                  --------------------------------------------
                    CINTS: An integrals program written in C
                     Justin T. Fermann and Edward F. Valeev
                  --------------------------------------------


  -OPTIONS:
    Print level                 = 1
    Integral tolerance          = 1e-15
    Max. memory to use          = 2500000 double words
    Number of threads           = 1
    LIBINT's real type length   = 64 bit

  -CALCULATION CONSTANTS:
    Label                       = DZP RHF optimization of CH4
    Number of atoms             = 5
    Number of atomic orbitals   = 36
    Number of symmetry orbitals = 36
    Maximum AM in the basis     = 2

  -SYMMETRY INFORMATION;
    Computational point group        = D2 
    Number of irreps                 = 4
  Rotational invariance condition satisfied.
  |X cross Grad| =  0.000000000000   (it is the accuracy of the computed forces)
  So long..


  -SCF forces in the reference frame (a.u.):
     Atom            X                  Y                   Z
    ------   -----------------  -----------------  -----------------
       1        0.000000000000     0.000000000000     0.000000000000
       2       -0.006658448200     0.006658448200     0.006658448200
       3       -0.006658448200    -0.006658448200    -0.006658448200
       4        0.006658448200    -0.006658448200     0.006658448200
       5        0.006658448200     0.006658448200    -0.006658448200

******************************************************************************
tstop called on julius.chemistry.gatech.edu
Fri Apr  6 14:36:29 2007

user time   =       0.19 seconds =       0.00 minutes
system time =       0.00 seconds =       0.00 minutes
total time  =          0 seconds =       0.00 minutes

	------------------------------------------------------
	    OPTKING: for internal coordinate optimizations    
	------------------------------------------------------

Cartesian geometry and possibly gradient in a.u. with masses
  6.0    12.00000000   0.0000000000   0.0000000000   0.0000000000
  1.0     1.00782503   1.1681745901  -1.1681745901  -1.1681745901
  1.0     1.00782503   1.1681745901   1.1681745901   1.1681745901
  1.0     1.00782503  -1.1681745901   1.1681745901  -1.1681745901
  1.0     1.00782503  -1.1681745901  -1.1681745901   1.1681745901
                       0.0000000000   0.0000000000   0.0000000000
                      -0.0066584482   0.0066584482   0.0066584482
                      -0.0066584482  -0.0066584482  -0.0066584482
                       0.0066584482  -0.0066584482   0.0066584482
                       0.0066584482   0.0066584482  -0.0066584482
Searching for geometrical constraints...
Simple Internal Coordinates and Values
Stretches
    (1 1 2) (1.07070430)
    (2 1 3) (1.07070430)
    (3 1 4) (1.07070430)
    (4 1 5) (1.07070430)
Bends
    (5 2 1 3) (109.47122063)
    (6 2 1 4) (109.47122063)
    (7 2 1 5) (109.47122063)
    (8 3 1 4) (109.47122063)
    (9 3 1 5) (109.47122063)
    (10 4 1 5) (109.47122063)
 
 ** Taking normal optimization step. **

Current SCF energy before step       -40.2056251537

Taking geometry step number 2

BuB^t Determinant: 1.107620e-14

Force Constants read from PSIF_OPTKING

Performing BFGS Hessian update with previous 1 gradient(s).

Scaling displacements by 1.000000

Internal Coordinate Update in Ang or Rad, aJ/Ang or aJ/Rad
       Value         Force        Displacement  New Value
 1    1.07070430    0.09501528    0.00909553    1.07979983
 2    1.07070430    0.09501528    0.00909553    1.07979983
 3    1.07070430    0.09501528    0.00909553    1.07979983
 4    1.07070430    0.09501528    0.00909553    1.07979983
 5    1.91063324   -0.00000000   -0.00000000    1.91063324
 6    1.91063324   -0.00000000    0.00000000    1.91063324
 7    1.91063324    0.00000000    0.00000000    1.91063324
 8    1.91063324    0.00000000    0.00000000    1.91063324
 9    1.91063324   -0.00000000    0.00000000    1.91063324
10    1.91063324   -0.00000000   -0.00000000    1.91063324
   MAX force:    0.0950152813   RMS force:    0.0600929403

Back-transformation to cartesian coordinates...
 Iter   RMS Delta(dx)   RMS Delta(dq)
    2  0.004696913506  0.000000000000
    3  0.000000000000  0.000000000000
Convergence to displaced geometry took 3 iterations.

New Cartesian Geometry in a.u.
  6.0   0.0000000000   0.0000000000   0.0000000000
  1.0   1.1780981251  -1.1780981251  -1.1780981251
  1.0   1.1780981251   1.1780981251   1.1780981251
  1.0  -1.1780981251   1.1780981251  -1.1780981251
  1.0  -1.1780981251  -1.1780981251   1.1780981251

Geometry written to chkpt

******** OPTKING execution completed ********

******************************************************************************
tstart called on julius.chemistry.gatech.edu
Fri Apr  6 14:36:29 2007

                  --------------------------------------------
                    CINTS: An integrals program written in C
                     Justin T. Fermann and Edward F. Valeev
                  --------------------------------------------


  -OPTIONS:
    Print level                 = 1
    Integral tolerance          = 1e-15
    Max. memory to use          = 2500000 double words
    Number of threads           = 1
    LIBINT's real type length   = 64 bit

  -CALCULATION CONSTANTS:
    Label                       = DZP RHF optimization of CH4
    Number of atoms             = 5
    Number of atomic orbitals   = 36
    Number of symmetry orbitals = 36
    Maximum AM in the basis     = 2

  -SYMMETRY INFORMATION;
    Computational point group        = D2 
    Number of irreps                 = 4

    Wrote 55143 two-electron integrals to IWL file 33

******************************************************************************
tstop called on julius.chemistry.gatech.edu
Fri Apr  6 14:36:29 2007

user time   =       0.03 seconds =       0.00 minutes
system time =       0.02 seconds =       0.00 minutes
total time  =          0 seconds =       0.00 minutes
******************************************************************************
tstart called on julius.chemistry.gatech.edu
Fri Apr  6 14:36:29 2007


             ------------------------------------------

                CSCF3.0: An SCF program written in C

              Written by too many people to mention here

             ------------------------------------------

  I think the multiplicity is 1.
  If this is wrong, please specify the MULTP keyword

  label        = DZP RHF optimization of CH4
  wfn          = SCF
  reference    = RHF
  multiplicity = 1
  charge       = 0
  direct       = false
  dertype      = FIRST
  convergence  = 10
  maxiter      = 40
  guess        = AUTO

  nuclear repulsion energy       13.5623056037979

  using old vector from file30 as initial guess
  energy from old vector:   -40.20562515

  level shift                      = 0.100000
  diis scale factor                = 1.000000
  iterations before extrapolation  = 0
  6 error matrices will be kept

  keeping integrals in 278336 bytes of core

  The lowest eigenvalue of the overlap matrix was 1.261957e-02


  Reading Occupations from checkpoint file.

  Symmetry block:   A     B1    B2    B3   
  DOCC:              2     1     1     1   
  SOCC:              0     0     0     0   

  reading integrals in the IWL format from files 33,35,36,37
  wrote 17151 integrals to file92

  iter       total energy        delta E         delta P          diiser
    1       -40.2061245710    5.376843e+01    0.000000e+00    0.000000e+00
    2       -40.2061724234    4.785244e-05    6.196255e-05    2.948632e-03
    3       -40.2061762264    3.802981e-06    1.822995e-05    1.075160e-03
    4       -40.2061764765    2.501301e-07    4.180869e-06    2.012225e-04
    5       -40.2061764796    3.053849e-09    6.881326e-07    2.268864e-05
    6       -40.2061764797    7.312906e-11    1.633828e-07    2.420354e-06
    7       -40.2061764797    9.450218e-13    2.073904e-08    2.810022e-07
    8       -40.2061764797    2.842171e-14    2.337569e-09    4.437858e-08
    9       -40.2061764797    2.131628e-14    1.058211e-10    3.720655e-09
   10       -40.2061764797    0.000000e+00    7.308766e-12    2.046757e-10

 No phase correction possible.

Orbital energies (a.u.):

  Doubly occupied orbitals
   1A     -11.207679     2A      -0.944709     1B3     -0.544850  
   1B2     -0.544850     1B1     -0.544850  


  Unoccupied orbitals
   3A       0.300377     2B1      0.314553     2B2      0.314553  
   2B3      0.314553     3B3      0.484402     3B1      0.484402  
   3B2      0.484402     4A       0.975437     5A       1.215375  
   4B1      1.224581     4B2      1.224581     4B3      1.224581  
   6A       1.258263     7A       1.258263     5B3      1.734241  
   5B2      1.734241     5B1      1.734241     6B3      1.941781  
   6B2      1.941781     6B1      1.941781     7B3      2.425473  
   7B2      2.425473     7B1      2.425473     8A       2.759234  
   9A       2.759234    10A       2.853060     8B3      3.213570  
   8B2      3.213570     8B1      3.213570    11A       4.418709  
  12A      27.716343  


        SCF total energy   =     -40.206176479658
        kinetic energy     =      40.176065987288
        nuc. attr. energy  =    -120.139152440102
        elec. rep. energy  =      39.756909973157
        potential energy   =     -80.382242466946
        virial theorem     =       1.999251097841
        wavefunction norm  =       1.000000000000
******************************************************************************
tstop called on julius.chemistry.gatech.edu
Fri Apr  6 14:36:29 2007

user time   =       0.01 seconds =       0.00 minutes
system time =       0.00 seconds =       0.00 minutes
total time  =          0 seconds =       0.00 minutes
******************************************************************************
tstart called on julius.chemistry.gatech.edu
Fri Apr  6 14:36:29 2007

                  --------------------------------------------
                    CINTS: An integrals program written in C
                     Justin T. Fermann and Edward F. Valeev
                  --------------------------------------------


  -OPTIONS:
    Print level                 = 1
    Integral tolerance          = 1e-15
    Max. memory to use          = 2500000 double words
    Number of threads           = 1
    LIBINT's real type length   = 64 bit

  -CALCULATION CONSTANTS:
    Label                       = DZP RHF optimization of CH4
    Number of atoms             = 5
    Number of atomic orbitals   = 36
    Number of symmetry orbitals = 36
    Maximum AM in the basis     = 2

  -SYMMETRY INFORMATION;
    Computational point group        = D2 
    Number of irreps                 = 4
  Rotational invariance condition satisfied.
  |X cross Grad| =  0.000000000000   (it is the accuracy of the computed forces)
  So long..


  -SCF forces in the reference frame (a.u.):
     Atom            X                  Y                   Z
    ------   -----------------  -----------------  -----------------
       1        0.000000000000     0.000000000000     0.000000000000
       2       -0.002633525858     0.002633525858     0.002633525858
       3       -0.002633525858    -0.002633525858    -0.002633525858
       4        0.002633525858    -0.002633525858     0.002633525858
       5        0.002633525858     0.002633525858    -0.002633525858

******************************************************************************
tstop called on julius.chemistry.gatech.edu
Fri Apr  6 14:36:30 2007

user time   =       0.18 seconds =       0.00 minutes
system time =       0.00 seconds =       0.00 minutes
total time  =          1 seconds =       0.02 minutes

	------------------------------------------------------
	    OPTKING: for internal coordinate optimizations    
	------------------------------------------------------

Cartesian geometry and possibly gradient in a.u. with masses
  6.0    12.00000000   0.0000000000   0.0000000000   0.0000000000
  1.0     1.00782503   1.1780981251  -1.1780981251  -1.1780981251
  1.0     1.00782503   1.1780981251   1.1780981251   1.1780981251
  1.0     1.00782503  -1.1780981251   1.1780981251  -1.1780981251
  1.0     1.00782503  -1.1780981251  -1.1780981251   1.1780981251
                       0.0000000000   0.0000000000   0.0000000000
                      -0.0026335259   0.0026335259   0.0026335259
                      -0.0026335259  -0.0026335259  -0.0026335259
                       0.0026335259  -0.0026335259   0.0026335259
                       0.0026335259   0.0026335259  -0.0026335259
Searching for geometrical constraints...
Simple Internal Coordinates and Values
Stretches
    (1 1 2) (1.07979983)
    (2 1 3) (1.07979983)
    (3 1 4) (1.07979983)
    (4 1 5) (1.07979983)
Bends
    (5 2 1 3) (109.47122063)
    (6 2 1 4) (109.47122063)
    (7 2 1 5) (109.47122063)
    (8 3 1 4) (109.47122063)
    (9 3 1 5) (109.47122063)
    (10 4 1 5) (109.47122063)
 
 ** Taking normal optimization step. **

Current SCF energy before step       -40.2061764797

Taking geometry step number 3

BuB^t Determinant: 2.159459e-14

Force Constants read from PSIF_OPTKING

Performing BFGS Hessian update with previous 2 gradient(s).

Scaling displacements by 1.000000

Internal Coordinate Update in Ang or Rad, aJ/Ang or aJ/Rad
       Value         Force        Displacement  New Value
 1    1.07979983    0.03758011    0.00595125    1.08575109
 2    1.07979983    0.03758011    0.00595125    1.08575109
 3    1.07979983    0.03758011    0.00595125    1.08575109
 4    1.07979983    0.03758011    0.00595125    1.08575109
 5    1.91063324    0.00000000    0.00000000    1.91063324
 6    1.91063324   -0.00000000    0.00000000    1.91063324
 7    1.91063324    0.00000000    0.00000000    1.91063324
 8    1.91063324    0.00000000    0.00000000    1.91063324
 9    1.91063324   -0.00000000    0.00000000    1.91063324
10    1.91063324    0.00000000    0.00000000    1.91063324
   MAX force:    0.0375801077   RMS force:    0.0237677470

Back-transformation to cartesian coordinates...
 Iter   RMS Delta(dx)   RMS Delta(dq)
    2  0.003073212877  0.000000000000
    3  0.000000000000  0.000000000000
Convergence to displaced geometry took 3 iterations.

New Cartesian Geometry in a.u.
  6.0   0.0000000000   0.0000000000   0.0000000000
  1.0   1.1845911413  -1.1845911413  -1.1845911413
  1.0   1.1845911413   1.1845911413   1.1845911413
  1.0  -1.1845911413   1.1845911413  -1.1845911413
  1.0  -1.1845911413  -1.1845911413   1.1845911413

Geometry written to chkpt

******** OPTKING execution completed ********

******************************************************************************
tstart called on julius.chemistry.gatech.edu
Fri Apr  6 14:36:30 2007

                  --------------------------------------------
                    CINTS: An integrals program written in C
                     Justin T. Fermann and Edward F. Valeev
                  --------------------------------------------


  -OPTIONS:
    Print level                 = 1
    Integral tolerance          = 1e-15
    Max. memory to use          = 2500000 double words
    Number of threads           = 1
    LIBINT's real type length   = 64 bit

  -CALCULATION CONSTANTS:
    Label                       = DZP RHF optimization of CH4
    Number of atoms             = 5
    Number of atomic orbitals   = 36
    Number of symmetry orbitals = 36
    Maximum AM in the basis     = 2

  -SYMMETRY INFORMATION;
    Computational point group        = D2 
    Number of irreps                 = 4

    Wrote 55143 two-electron integrals to IWL file 33

******************************************************************************
tstop called on julius.chemistry.gatech.edu
Fri Apr  6 14:36:30 2007

user time   =       0.04 seconds =       0.00 minutes
system time =       0.01 seconds =       0.00 minutes
total time  =          0 seconds =       0.00 minutes
******************************************************************************
tstart called on julius.chemistry.gatech.edu
Fri Apr  6 14:36:30 2007


             ------------------------------------------

                CSCF3.0: An SCF program written in C

              Written by too many people to mention here

             ------------------------------------------

  I think the multiplicity is 1.
  If this is wrong, please specify the MULTP keyword

  label        = DZP RHF optimization of CH4
  wfn          = SCF
  reference    = RHF
  multiplicity = 1
  charge       = 0
  direct       = false
  dertype      = FIRST
  convergence  = 10
  maxiter      = 40
  guess        = AUTO

  nuclear repulsion energy       13.4879674908807

  using old vector from file30 as initial guess
  energy from old vector:   -40.20617648

  level shift                      = 0.100000
  diis scale factor                = 1.000000
  iterations before extrapolation  = 0
  6 error matrices will be kept

  keeping integrals in 278336 bytes of core

  The lowest eigenvalue of the overlap matrix was 1.293052e-02


  Reading Occupations from checkpoint file.

  Symmetry block:   A     B1    B2    B3   
  DOCC:              2     1     1     1   
  SOCC:              0     0     0     0   

  reading integrals in the IWL format from files 33,35,36,37
  wrote 17151 integrals to file92

  iter       total energy        delta E         delta P          diiser
    1       -40.2062608358    5.369423e+01    0.000000e+00    0.000000e+00
    2       -40.2062808675    2.003173e-05    4.008483e-05    1.864424e-03
    3       -40.2062824778    1.610364e-06    1.182656e-05    6.944354e-04
    4       -40.2062825847    1.068888e-07    2.736456e-06    1.317282e-04
    5       -40.2062825860    1.308514e-09    4.574503e-07    1.446303e-05
    6       -40.2062825861    3.189626e-11    1.083538e-07    1.564981e-06
    7       -40.2062825861    3.836931e-13    1.363301e-08    1.851154e-07
    8       -40.2062825861    7.105427e-14    1.518696e-09    2.946018e-08
    9       -40.2062825861   -2.842171e-14    6.899230e-11    2.399901e-09

 Correcting phases of orbitals.

Orbital energies (a.u.):

  Doubly occupied orbitals
   1A     -11.210461     2A      -0.942228     1B3     -0.543340  
   1B2     -0.543340     1B1     -0.543340  


  Unoccupied orbitals
   3A       0.298690     2B1      0.313941     2B2      0.313941  
   2B3      0.313941     3B3      0.483218     3B2      0.483218  
   3B1      0.483218     4A       0.975074     5A       1.209467  
   4B1      1.223696     4B2      1.223696     4B3      1.223696  
   6A       1.258458     7A       1.258458     5B3      1.729310  
   5B2      1.729310     5B1      1.729310     6B3      1.935425  
   6B2      1.935425     6B1      1.935425     7B3      2.415969  
   7B2      2.415969     7B1      2.415969     8A       2.749593  
   9A       2.749593    10A       2.839468     8B3      3.198330  
   8B2      3.198330     8B1      3.198330    11A       4.416126  
  12A      27.713154  


        SCF total energy   =     -40.206282586074
        kinetic energy     =      40.142977225215
        nuc. attr. energy  =    -119.966061824913
        elec. rep. energy  =      39.616802013624
        potential energy   =     -80.349259811289
        virial theorem     =       1.998425485850
        wavefunction norm  =       1.000000000000
******************************************************************************
tstop called on julius.chemistry.gatech.edu
Fri Apr  6 14:36:30 2007

user time   =       0.00 seconds =       0.00 minutes
system time =       0.00 seconds =       0.00 minutes
total time  =          0 seconds =       0.00 minutes
******************************************************************************
tstart called on julius.chemistry.gatech.edu
Fri Apr  6 14:36:30 2007

                  --------------------------------------------
                    CINTS: An integrals program written in C
                     Justin T. Fermann and Edward F. Valeev
                  --------------------------------------------


  -OPTIONS:
    Print level                 = 1
    Integral tolerance          = 1e-15
    Max. memory to use          = 2500000 double words
    Number of threads           = 1
    LIBINT's real type length   = 64 bit

  -CALCULATION CONSTANTS:
    Label                       = DZP RHF optimization of CH4
    Number of atoms             = 5
    Number of atomic orbitals   = 36
    Number of symmetry orbitals = 36
    Maximum AM in the basis     = 2

  -SYMMETRY INFORMATION;
    Computational point group        = D2 
    Number of irreps                 = 4
  Rotational invariance condition satisfied.
  |X cross Grad| =  0.000000000000   (it is the accuracy of the computed forces)
  So long..


  -SCF forces in the reference frame (a.u.):
     Atom            X                  Y                   Z
    ------   -----------------  -----------------  -----------------
       1        0.000000000000     0.000000000000     0.000000000000
       2       -0.000103449557     0.000103449557     0.000103449557
       3       -0.000103449557    -0.000103449557    -0.000103449557
       4        0.000103449557    -0.000103449557     0.000103449557
       5        0.000103449557     0.000103449557    -0.000103449557

******************************************************************************
tstop called on julius.chemistry.gatech.edu
Fri Apr  6 14:36:30 2007

user time   =       0.18 seconds =       0.00 minutes
system time =       0.00 seconds =       0.00 minutes
total time  =          0 seconds =       0.00 minutes

	------------------------------------------------------
	    OPTKING: for internal coordinate optimizations    
	------------------------------------------------------

Cartesian geometry and possibly gradient in a.u. with masses
  6.0    12.00000000   0.0000000000   0.0000000000   0.0000000000
  1.0     1.00782503   1.1845911413  -1.1845911413  -1.1845911413
  1.0     1.00782503   1.1845911413   1.1845911413   1.1845911413
  1.0     1.00782503  -1.1845911413   1.1845911413  -1.1845911413
  1.0     1.00782503  -1.1845911413  -1.1845911413   1.1845911413
                       0.0000000000   0.0000000000   0.0000000000
                      -0.0001034496   0.0001034496   0.0001034496
                      -0.0001034496  -0.0001034496  -0.0001034496
                       0.0001034496  -0.0001034496   0.0001034496
                       0.0001034496   0.0001034496  -0.0001034496
Searching for geometrical constraints...
Simple Internal Coordinates and Values
Stretches
    (1 1 2) (1.08575109)
    (2 1 3) (1.08575109)
    (3 1 4) (1.08575109)
    (4 1 5) (1.08575109)
Bends
    (5 2 1 3) (109.47122063)
    (6 2 1 4) (109.47122063)
    (7 2 1 5) (109.47122063)
    (8 3 1 4) (109.47122063)
    (9 3 1 5) (109.47122063)
    (10 4 1 5) (109.47122063)
 
 ** Taking normal optimization step. **

Current SCF energy before step       -40.2062825861

Taking geometry step number 4

BuB^t Determinant: 2.243748e-14

Force Constants read from PSIF_OPTKING

Performing BFGS Hessian update with previous 3 gradient(s).

Scaling displacements by 1.000000

Internal Coordinate Update in Ang or Rad, aJ/Ang or aJ/Rad
       Value         Force        Displacement  New Value
 1    1.08575109    0.00147621    0.00024333    1.08599442
 2    1.08575109    0.00147621    0.00024333    1.08599442
 3    1.08575109    0.00147621    0.00024333    1.08599442
 4    1.08575109    0.00147621    0.00024333    1.08599442
 5    1.91063324    0.00000000    0.00000000    1.91063324
 6    1.91063324   -0.00000000    0.00000000    1.91063324
 7    1.91063324    0.00000000    0.00000000    1.91063324
 8    1.91063324    0.00000000    0.00000000    1.91063324
 9    1.91063324   -0.00000000    0.00000000    1.91063324
10    1.91063324    0.00000000    0.00000000    1.91063324
   MAX force:    0.0014762131   RMS force:    0.0009336392

Back-transformation to cartesian coordinates...
 Iter   RMS Delta(dx)   RMS Delta(dq)
    2  0.000125657281  0.000000000000
    3  0.000000000000  0.000000000000
Convergence to displaced geometry took 3 iterations.

New Cartesian Geometry in a.u.
  6.0   0.0000000000   0.0000000000   0.0000000000
  1.0   1.1848566272  -1.1848566272  -1.1848566272
  1.0   1.1848566272   1.1848566272   1.1848566272
  1.0  -1.1848566272   1.1848566272  -1.1848566272
  1.0  -1.1848566272  -1.1848566272   1.1848566272

Geometry written to chkpt

******** OPTKING execution completed ********

******************************************************************************
tstart called on julius.chemistry.gatech.edu
Fri Apr  6 14:36:30 2007

                  --------------------------------------------
                    CINTS: An integrals program written in C
                     Justin T. Fermann and Edward F. Valeev
                  --------------------------------------------


  -OPTIONS:
    Print level                 = 1
    Integral tolerance          = 1e-15
    Max. memory to use          = 2500000 double words
    Number of threads           = 1
    LIBINT's real type length   = 64 bit

  -CALCULATION CONSTANTS:
    Label                       = DZP RHF optimization of CH4
    Number of atoms             = 5
    Number of atomic orbitals   = 36
    Number of symmetry orbitals = 36
    Maximum AM in the basis     = 2

  -SYMMETRY INFORMATION;
    Computational point group        = D2 
    Number of irreps                 = 4

    Wrote 55143 two-electron integrals to IWL file 33

******************************************************************************
tstop called on julius.chemistry.gatech.edu
Fri Apr  6 14:36:30 2007

user time   =       0.04 seconds =       0.00 minutes
system time =       0.00 seconds =       0.00 minutes
total time  =          0 seconds =       0.00 minutes
******************************************************************************
tstart called on julius.chemistry.gatech.edu
Fri Apr  6 14:36:31 2007


             ------------------------------------------

                CSCF3.0: An SCF program written in C

              Written by too many people to mention here

             ------------------------------------------

  I think the multiplicity is 1.
  If this is wrong, please specify the MULTP keyword

  label        = DZP RHF optimization of CH4
  wfn          = SCF
  reference    = RHF
  multiplicity = 1
  charge       = 0
  direct       = false
  dertype      = FIRST
  convergence  = 10
  maxiter      = 40
  guess        = AUTO

  nuclear repulsion energy       13.4849452977767

  using old vector from file30 as initial guess
  energy from old vector:   -40.20628259

  level shift                      = 0.100000
  diis scale factor                = 1.000000
  iterations before extrapolation  = 0
  6 error matrices will be kept

  keeping integrals in 278336 bytes of core

  The lowest eigenvalue of the overlap matrix was 1.294331e-02


  Reading Occupations from checkpoint file.

  Symmetry block:   A     B1    B2    B3   
  DOCC:              2     1     1     1   
  SOCC:              0     0     0     0   

  reading integrals in the IWL format from files 33,35,36,37
  wrote 17151 integrals to file92

  iter       total energy        delta E         delta P          diiser
    1       -40.2062827175    5.369123e+01    0.000000e+00    0.000000e+00
    2       -40.2062827507    3.316431e-08    1.630954e-06    7.501886e-05
    3       -40.2062827534    2.674099e-09    4.812985e-07    2.822604e-05
    4       -40.2062827535    1.767120e-10    1.113874e-07    5.347437e-06
    5       -40.2062827535    2.202682e-12    1.876078e-08    5.826459e-07
    6       -40.2062827535    0.000000e+00    4.467906e-09    6.287996e-08
    7       -40.2062827535    6.394885e-14    5.636776e-10    7.634731e-09
    8       -40.2062827535   -4.973799e-14    6.119418e-11    1.214656e-09

 Correcting phases of orbitals.

Orbital energies (a.u.):

  Doubly occupied orbitals
   1A     -11.210574     2A      -0.942127     1B3     -0.543278  
   1B2     -0.543278     1B1     -0.543278  


  Unoccupied orbitals
   3A       0.298620     2B1      0.313916     2B2      0.313916  
   2B3      0.313916     3B2      0.483171     3B3      0.483171  
   3B1      0.483171     4A       0.975059     5A       1.209227  
   4B1      1.223660     4B2      1.223660     4B3      1.223660  
   6A       1.258467     7A       1.258467     5B3      1.729111  
   5B2      1.729111     5B1      1.729111     6B3      1.935166  
   6B2      1.935166     6B1      1.935166     7B3      2.415581  
   7B2      2.415581     7B1      2.415581     8A       2.749199  
   9A       2.749199    10A       2.838918     8B3      3.197715  
   8B2      3.197715     8B1      3.197715    11A       4.416017  
  12A      27.713022  


        SCF total energy   =     -40.206282753530
        kinetic energy     =      40.141634455350
        nuc. attr. energy  =    -119.959019501237
        elec. rep. energy  =      39.611102292357
        potential energy   =     -80.347917208880
        virial theorem     =       1.998392084675
        wavefunction norm  =       1.000000000000
******************************************************************************
tstop called on julius.chemistry.gatech.edu
Fri Apr  6 14:36:31 2007

user time   =       0.00 seconds =       0.00 minutes
system time =       0.01 seconds =       0.00 minutes
total time  =          0 seconds =       0.00 minutes
******************************************************************************
tstart called on julius.chemistry.gatech.edu
Fri Apr  6 14:36:31 2007

                  --------------------------------------------
                    CINTS: An integrals program written in C
                     Justin T. Fermann and Edward F. Valeev
                  --------------------------------------------


  -OPTIONS:
    Print level                 = 1
    Integral tolerance          = 1e-15
    Max. memory to use          = 2500000 double words
    Number of threads           = 1
    LIBINT's real type length   = 64 bit

  -CALCULATION CONSTANTS:
    Label                       = DZP RHF optimization of CH4
    Number of atoms             = 5
    Number of atomic orbitals   = 36
    Number of symmetry orbitals = 36
    Maximum AM in the basis     = 2

  -SYMMETRY INFORMATION;
    Computational point group        = D2 
    Number of irreps                 = 4
  Rotational invariance condition satisfied.
  |X cross Grad| =  0.000000000000   (it is the accuracy of the computed forces)
  So long..


  -SCF forces in the reference frame (a.u.):
     Atom            X                  Y                   Z
    ------   -----------------  -----------------  -----------------
       1        0.000000000000     0.000000000000     0.000000000000
       2       -0.000001698363     0.000001698363     0.000001698363
       3       -0.000001698363    -0.000001698363    -0.000001698363
       4        0.000001698363    -0.000001698363     0.000001698363
       5        0.000001698363     0.000001698363    -0.000001698363

******************************************************************************
tstop called on julius.chemistry.gatech.edu
Fri Apr  6 14:36:31 2007

user time   =       0.18 seconds =       0.00 minutes
system time =       0.00 seconds =       0.00 minutes
total time  =          0 seconds =       0.00 minutes

	------------------------------------------------------
	    OPTKING: for internal coordinate optimizations    
	------------------------------------------------------

Cartesian geometry and possibly gradient in a.u. with masses
  6.0    12.00000000   0.0000000000   0.0000000000   0.0000000000
  1.0     1.00782503   1.1848566272  -1.1848566272  -1.1848566272
  1.0     1.00782503   1.1848566272   1.1848566272   1.1848566272
  1.0     1.00782503  -1.1848566272   1.1848566272  -1.1848566272
  1.0     1.00782503  -1.1848566272  -1.1848566272   1.1848566272
                       0.0000000000   0.0000000000   0.0000000000
                      -0.0000016984   0.0000016984   0.0000016984
                      -0.0000016984  -0.0000016984  -0.0000016984
                       0.0000016984  -0.0000016984   0.0000016984
                       0.0000016984   0.0000016984  -0.0000016984
Searching for geometrical constraints...
Simple Internal Coordinates and Values
Stretches
    (1 1 2) (1.08599442)
    (2 1 3) (1.08599442)
    (3 1 4) (1.08599442)
    (4 1 5) (1.08599442)
Bends
    (5 2 1 3) (109.47122063)
    (6 2 1 4) (109.47122063)
    (7 2 1 5) (109.47122063)
    (8 3 1 4) (109.47122063)
    (9 3 1 5) (109.47122063)
    (10 4 1 5) (109.47122063)
 
 ** Taking normal optimization step. **

Current SCF energy before step       -40.2062827535

Taking geometry step number 5

BuB^t Determinant: -2.024332e-14

Force Constants read from PSIF_OPTKING

Performing BFGS Hessian update with previous 4 gradient(s).

Scaling displacements by 1.000000

Internal Coordinate Update in Ang or Rad, aJ/Ang or aJ/Rad
       Value         Force        Displacement  New Value
 1    1.08599442    0.00002424    0.00000406    1.08599848
 2    1.08599442    0.00002424    0.00000406    1.08599848
 3    1.08599442    0.00002424    0.00000406    1.08599848
 4    1.08599442    0.00002424    0.00000406    1.08599848
 5    1.91063324    0.00000000    0.00000000    1.91063324
 6    1.91063324   -0.00000000    0.00000000    1.91063324
 7    1.91063324    0.00000000    0.00000000    1.91063324
 8    1.91063324    0.00000000    0.00000000    1.91063324
 9    1.91063324   -0.00000000    0.00000000    1.91063324
10    1.91063324    0.00000000    0.00000000    1.91063324
   MAX force:    0.0000242354   RMS force:    0.0000153278

Back-transformation to cartesian coordinates...
 Iter   RMS Delta(dx)   RMS Delta(dq)
    2  0.000002097387  0.000000000000
    3  0.000000000000  0.000000000000
Convergence to displaced geometry took 3 iterations.

New Cartesian Geometry in a.u.
  6.0   0.0000000000   0.0000000000   0.0000000000
  1.0   1.1848610586  -1.1848610586  -1.1848610586
  1.0   1.1848610586   1.1848610586   1.1848610586
  1.0  -1.1848610586   1.1848610586  -1.1848610586
  1.0  -1.1848610586  -1.1848610586   1.1848610586

Geometry written to chkpt

******** OPTKING execution completed ********

******************************************************************************
tstart called on julius.chemistry.gatech.edu
Fri Apr  6 14:36:31 2007

                  --------------------------------------------
                    CINTS: An integrals program written in C
                     Justin T. Fermann and Edward F. Valeev
                  --------------------------------------------


  -OPTIONS:
    Print level                 = 1
    Integral tolerance          = 1e-15
    Max. memory to use          = 2500000 double words
    Number of threads           = 1
    LIBINT's real type length   = 64 bit

  -CALCULATION CONSTANTS:
    Label                       = DZP RHF optimization of CH4
    Number of atoms             = 5
    Number of atomic orbitals   = 36
    Number of symmetry orbitals = 36
    Maximum AM in the basis     = 2

  -SYMMETRY INFORMATION;
    Computational point group        = D2 
    Number of irreps                 = 4

    Wrote 55143 two-electron integrals to IWL file 33

******************************************************************************
tstop called on julius.chemistry.gatech.edu
Fri Apr  6 14:36:31 2007

user time   =       0.04 seconds =       0.00 minutes
system time =       0.00 seconds =       0.00 minutes
total time  =          0 seconds =       0.00 minutes
******************************************************************************
tstart called on julius.chemistry.gatech.edu
Fri Apr  6 14:36:31 2007


             ------------------------------------------

                CSCF3.0: An SCF program written in C

              Written by too many people to mention here

             ------------------------------------------

  I think the multiplicity is 1.
  If this is wrong, please specify the MULTP keyword

  label        = DZP RHF optimization of CH4
  wfn          = SCF
  reference    = RHF
  multiplicity = 1
  charge       = 0
  direct       = false
  dertype      = FIRST
  convergence  = 10
  maxiter      = 40
  guess        = AUTO

  nuclear repulsion energy       13.4848948648412

  using old vector from file30 as initial guess
  energy from old vector:   -40.20628275

  level shift                      = 0.100000
  diis scale factor                = 1.000000
  iterations before extrapolation  = 0
  6 error matrices will be kept

  keeping integrals in 278336 bytes of core

  The lowest eigenvalue of the overlap matrix was 1.294353e-02


  Reading Occupations from checkpoint file.

  Symmetry block:   A     B1    B2    B3   
  DOCC:              2     1     1     1   
  SOCC:              0     0     0     0   

  reading integrals in the IWL format from files 33,35,36,37
  wrote 17151 integrals to file92

  iter       total energy        delta E         delta P          diiser
    1       -40.2062827536    5.369118e+01    0.000000e+00    0.000000e+00
    2       -40.2062827536    9.258372e-12    2.721754e-08    1.251366e-06
    3       -40.2062827536    7.460699e-13    8.031919e-09    4.710156e-07
    4       -40.2062827536    3.552714e-14    1.858797e-09    8.922454e-08
    5       -40.2062827536    2.131628e-14    3.131810e-10    9.718345e-09
    6       -40.2062827536   -1.421085e-14    7.461614e-11    1.048578e-09

 Correcting phases of orbitals.

Orbital energies (a.u.):

  Doubly occupied orbitals
   1A     -11.210576     2A      -0.942125     1B3     -0.543277  
   1B2     -0.543277     1B1     -0.543277  


  Unoccupied orbitals
   3A       0.298619     2B3      0.313915     2B1      0.313915  
   2B2      0.313915     3B3      0.483170     3B2      0.483170  
   3B1      0.483170     4A       0.975058     5A       1.209223  
   4B1      1.223660     4B2      1.223660     4B3      1.223660  
   6A       1.258467     7A       1.258467     5B3      1.729107  
   5B2      1.729107     5B1      1.729107     6B3      1.935162  
   6B2      1.935162     6B1      1.935162     7B3      2.415575  
   7B2      2.415575     7B1      2.415575     8A       2.749193  
   9A       2.749193    10A       2.838909     8B3      3.197705  
   8B2      3.197705     8B1      3.197705    11A       4.416015  
  12A      27.713020  


        SCF total energy   =     -40.206282753576
        kinetic energy     =      40.141612049779
        nuc. attr. energy  =    -119.958901978898
        elec. rep. energy  =      39.611007175543
        potential energy   =     -80.347894803354
        virial theorem     =       1.998391527409
        wavefunction norm  =       1.000000000000
******************************************************************************
tstop called on julius.chemistry.gatech.edu
Fri Apr  6 14:36:31 2007

user time   =       0.01 seconds =       0.00 minutes
system time =       0.00 seconds =       0.00 minutes
total time  =          0 seconds =       0.00 minutes
******************************************************************************
tstart called on julius.chemistry.gatech.edu
Fri Apr  6 14:36:31 2007

                  --------------------------------------------
                    CINTS: An integrals program written in C
                     Justin T. Fermann and Edward F. Valeev
                  --------------------------------------------


  -OPTIONS:
    Print level                 = 1
    Integral tolerance          = 1e-15
    Max. memory to use          = 2500000 double words
    Number of threads           = 1
    LIBINT's real type length   = 64 bit

  -CALCULATION CONSTANTS:
    Label                       = DZP RHF optimization of CH4
    Number of atoms             = 5
    Number of atomic orbitals   = 36
    Number of symmetry orbitals = 36
    Maximum AM in the basis     = 2

  -SYMMETRY INFORMATION;
    Computational point group        = D2 
    Number of irreps                 = 4
  Rotational invariance condition satisfied.
  |X cross Grad| =  0.000000000000   (it is the accuracy of the computed forces)
  So long..


  -SCF forces in the reference frame (a.u.):
     Atom            X                  Y                   Z
    ------   -----------------  -----------------  -----------------
       1        0.000000000000     0.000000000000     0.000000000000
       2       -0.000000001104     0.000000001104     0.000000001104
       3       -0.000000001104    -0.000000001104    -0.000000001104
       4        0.000000001104    -0.000000001104     0.000000001104
       5        0.000000001104     0.000000001104    -0.000000001104

******************************************************************************
tstop called on julius.chemistry.gatech.edu
Fri Apr  6 14:36:31 2007

user time   =       0.18 seconds =       0.00 minutes
system time =       0.01 seconds =       0.00 minutes
total time  =          0 seconds =       0.00 minutes

	------------------------------------------------------
	    OPTKING: for internal coordinate optimizations    
	------------------------------------------------------

Cartesian geometry and possibly gradient in a.u. with masses
  6.0    12.00000000   0.0000000000   0.0000000000   0.0000000000
  1.0     1.00782503   1.1848610586  -1.1848610586  -1.1848610586
  1.0     1.00782503   1.1848610586   1.1848610586   1.1848610586
  1.0     1.00782503  -1.1848610586   1.1848610586  -1.1848610586
  1.0     1.00782503  -1.1848610586  -1.1848610586   1.1848610586
                       0.0000000000   0.0000000000   0.0000000000
                      -0.0000000011   0.0000000011   0.0000000011
                      -0.0000000011  -0.0000000011  -0.0000000011
                       0.0000000011  -0.0000000011   0.0000000011
                       0.0000000011   0.0000000011  -0.0000000011
Searching for geometrical constraints...
Simple Internal Coordinates and Values
Stretches
    (1 1 2) (1.08599848)
    (2 1 3) (1.08599848)
    (3 1 4) (1.08599848)
    (4 1 5) (1.08599848)
Bends
    (5 2 1 3) (109.47122063)
    (6 2 1 4) (109.47122063)
    (7 2 1 5) (109.47122063)
    (8 3 1 4) (109.47122063)
    (9 3 1 5) (109.47122063)
    (10 4 1 5) (109.47122063)
 
 ** Taking normal optimization step. **

Current SCF energy before step       -40.2062827536

Taking geometry step number 6

BuB^t Determinant: 4.963945e-14

Force Constants read from PSIF_OPTKING

Performing BFGS Hessian update with previous 5 gradient(s).

Scaling displacements by 1.000000

Internal Coordinate Update in Ang or Rad, aJ/Ang or aJ/Rad
       Value         Force        Displacement  New Value
 1    1.08599848    0.00000002    0.00000000    1.08599848
 2    1.08599848    0.00000002    0.00000000    1.08599848
 3    1.08599848    0.00000002    0.00000000    1.08599848
 4    1.08599848    0.00000002    0.00000000    1.08599848
 5    1.91063324    0.00000000    0.00000000    1.91063324
 6    1.91063324   -0.00000000    0.00000000    1.91063324
 7    1.91063324    0.00000000    0.00000000    1.91063324
 8    1.91063324    0.00000000    0.00000000    1.91063324
 9    1.91063324   -0.00000000    0.00000000    1.91063324
10    1.91063324    0.00000000    0.00000000    1.91063324
   MAX force:    0.0000000157   RMS force:    0.0000000100

MAX force is < 1.0e-05.  Optimization is complete.
Final SCF energy is  -40.2062827536
The Optimized geometry in a.u.
  (  C   0.0000000000   0.0000000000   0.0000000000 )
  (  H   1.1848610586  -1.1848610586  -1.1848610586 )
  (  H   1.1848610586   1.1848610586   1.1848610586 )
  (  H  -1.1848610586   1.1848610586  -1.1848610586 )
  (  H  -1.1848610586  -1.1848610586   1.1848610586 )

******** OPTKING execution completed ********

